Archive member included to satisfy reference by file (symbol)

c:/program files (x86)/gnu tools arm embedded/9 2019-q4-major/bin/../lib/gcc/arm-none-eabi/9.2.1/../../../../arm-none-eabi/lib/thumb/v7e-m+fp/hard\libc_nano.a(lib_a-exit.o)
                              c:/program files (x86)/gnu tools arm embedded/9 2019-q4-major/bin/../lib/gcc/arm-none-eabi/9.2.1/../../../../arm-none-eabi/lib/thumb/v7e-m+fp/hard/crt0.o (exit)
c:/program files (x86)/gnu tools arm embedded/9 2019-q4-major/bin/../lib/gcc/arm-none-eabi/9.2.1/../../../../arm-none-eabi/lib/thumb/v7e-m+fp/hard\libc_nano.a(lib_a-impure.o)
                              c:/program files (x86)/gnu tools arm embedded/9 2019-q4-major/bin/../lib/gcc/arm-none-eabi/9.2.1/../../../../arm-none-eabi/lib/thumb/v7e-m+fp/hard\libc_nano.a(lib_a-exit.o) (_global_impure_ptr)
c:/program files (x86)/gnu tools arm embedded/9 2019-q4-major/bin/../lib/gcc/arm-none-eabi/9.2.1/../../../../arm-none-eabi/lib/thumb/v7e-m+fp/hard\libc_nano.a(lib_a-init.o)
                              c:/program files (x86)/gnu tools arm embedded/9 2019-q4-major/bin/../lib/gcc/arm-none-eabi/9.2.1/../../../../arm-none-eabi/lib/thumb/v7e-m+fp/hard/crt0.o (__libc_init_array)
c:/program files (x86)/gnu tools arm embedded/9 2019-q4-major/bin/../lib/gcc/arm-none-eabi/9.2.1/../../../../arm-none-eabi/lib/thumb/v7e-m+fp/hard\libc_nano.a(lib_a-memset.o)
                              c:/program files (x86)/gnu tools arm embedded/9 2019-q4-major/bin/../lib/gcc/arm-none-eabi/9.2.1/../../../../arm-none-eabi/lib/thumb/v7e-m+fp/hard/crt0.o (memset)
c:/program files (x86)/gnu tools arm embedded/9 2019-q4-major/bin/../lib/gcc/arm-none-eabi/9.2.1/../../../../arm-none-eabi/lib/thumb/v7e-m+fp/hard\libnosys.a(_exit.o)
                              c:/program files (x86)/gnu tools arm embedded/9 2019-q4-major/bin/../lib/gcc/arm-none-eabi/9.2.1/../../../../arm-none-eabi/lib/thumb/v7e-m+fp/hard\libc_nano.a(lib_a-exit.o) (_exit)
c:/program files (x86)/gnu tools arm embedded/9 2019-q4-major/bin/../lib/gcc/arm-none-eabi/9.2.1/thumb/v7e-m+fp/hard\libgcc.a(_aeabi_uldivmod.o)
                              build/stm32f4xx_hal_rcc.o (__aeabi_uldivmod)
c:/program files (x86)/gnu tools arm embedded/9 2019-q4-major/bin/../lib/gcc/arm-none-eabi/9.2.1/thumb/v7e-m+fp/hard\libgcc.a(_udivmoddi4.o)
                              c:/program files (x86)/gnu tools arm embedded/9 2019-q4-major/bin/../lib/gcc/arm-none-eabi/9.2.1/thumb/v7e-m+fp/hard\libgcc.a(_aeabi_uldivmod.o) (__udivmoddi4)
c:/program files (x86)/gnu tools arm embedded/9 2019-q4-major/bin/../lib/gcc/arm-none-eabi/9.2.1/thumb/v7e-m+fp/hard\libgcc.a(_dvmd_tls.o)
                              c:/program files (x86)/gnu tools arm embedded/9 2019-q4-major/bin/../lib/gcc/arm-none-eabi/9.2.1/thumb/v7e-m+fp/hard\libgcc.a(_aeabi_uldivmod.o) (__aeabi_ldiv0)

Allocating common symbols
Common symbol       size              file

uwTick              0x4               build/stm32f4xx_hal.o
pFlash              0x20              build/stm32f4xx_hal_flash.o

Discarded input sections

 .text          0x00000000        0x0 c:/program files (x86)/gnu tools arm embedded/9 2019-q4-major/bin/../lib/gcc/arm-none-eabi/9.2.1/thumb/v7e-m+fp/hard/crti.o
 .data          0x00000000        0x0 c:/program files (x86)/gnu tools arm embedded/9 2019-q4-major/bin/../lib/gcc/arm-none-eabi/9.2.1/thumb/v7e-m+fp/hard/crti.o
 .bss           0x00000000        0x0 c:/program files (x86)/gnu tools arm embedded/9 2019-q4-major/bin/../lib/gcc/arm-none-eabi/9.2.1/thumb/v7e-m+fp/hard/crti.o
 .data          0x00000000        0x4 c:/program files (x86)/gnu tools arm embedded/9 2019-q4-major/bin/../lib/gcc/arm-none-eabi/9.2.1/thumb/v7e-m+fp/hard/crtbegin.o
 .text          0x00000000       0x74 c:/program files (x86)/gnu tools arm embedded/9 2019-q4-major/bin/../lib/gcc/arm-none-eabi/9.2.1/../../../../arm-none-eabi/lib/thumb/v7e-m+fp/hard/crt0.o
 .data          0x00000000        0x0 c:/program files (x86)/gnu tools arm embedded/9 2019-q4-major/bin/../lib/gcc/arm-none-eabi/9.2.1/../../../../arm-none-eabi/lib/thumb/v7e-m+fp/hard/crt0.o
 .bss           0x00000000        0x0 c:/program files (x86)/gnu tools arm embedded/9 2019-q4-major/bin/../lib/gcc/arm-none-eabi/9.2.1/../../../../arm-none-eabi/lib/thumb/v7e-m+fp/hard/crt0.o
 .ARM.extab     0x00000000        0x0 c:/program files (x86)/gnu tools arm embedded/9 2019-q4-major/bin/../lib/gcc/arm-none-eabi/9.2.1/../../../../arm-none-eabi/lib/thumb/v7e-m+fp/hard/crt0.o
 .ARM.exidx     0x00000000        0x8 c:/program files (x86)/gnu tools arm embedded/9 2019-q4-major/bin/../lib/gcc/arm-none-eabi/9.2.1/../../../../arm-none-eabi/lib/thumb/v7e-m+fp/hard/crt0.o
 .ARM.attributes
                0x00000000       0x1c c:/program files (x86)/gnu tools arm embedded/9 2019-q4-major/bin/../lib/gcc/arm-none-eabi/9.2.1/../../../../arm-none-eabi/lib/thumb/v7e-m+fp/hard/crt0.o
 .text          0x00000000        0x0 build/main.o
 .data          0x00000000        0x0 build/main.o
 .bss           0x00000000        0x0 build/main.o
 .text.Error_Handler
                0x00000000        0x2 build/main.o
 .text          0x00000000        0x0 build/gpio.o
 .data          0x00000000        0x0 build/gpio.o
 .bss           0x00000000        0x0 build/gpio.o
 .text          0x00000000        0x0 build/stm32f4xx_it.o
 .data          0x00000000        0x0 build/stm32f4xx_it.o
 .bss           0x00000000        0x0 build/stm32f4xx_it.o
 .text          0x00000000        0x0 build/stm32f4xx_hal_msp.o
 .data          0x00000000        0x0 build/stm32f4xx_hal_msp.o
 .bss           0x00000000        0x0 build/stm32f4xx_hal_msp.o
 .text          0x00000000        0x0 build/stm32f4xx_hal_tim.o
 .data          0x00000000        0x0 build/stm32f4xx_hal_tim.o
 .bss           0x00000000        0x0 build/stm32f4xx_hal_tim.o
 .debug_info    0x00000000      0x182 build/stm32f4xx_hal_tim.o
 .debug_abbrev  0x00000000       0x97 build/stm32f4xx_hal_tim.o
 .debug_aranges
                0x00000000       0x18 build/stm32f4xx_hal_tim.o
 .debug_line    0x00000000      0x18a build/stm32f4xx_hal_tim.o
 .debug_str     0x00000000      0x2a7 build/stm32f4xx_hal_tim.o
 .comment       0x00000000       0x7a build/stm32f4xx_hal_tim.o
 .ARM.attributes
                0x00000000       0x39 build/stm32f4xx_hal_tim.o
 .text          0x00000000        0x0 build/stm32f4xx_hal_tim_ex.o
 .data          0x00000000        0x0 build/stm32f4xx_hal_tim_ex.o
 .bss           0x00000000        0x0 build/stm32f4xx_hal_tim_ex.o
 .debug_info    0x00000000      0x182 build/stm32f4xx_hal_tim_ex.o
 .debug_abbrev  0x00000000       0x97 build/stm32f4xx_hal_tim_ex.o
 .debug_aranges
                0x00000000       0x18 build/stm32f4xx_hal_tim_ex.o
 .debug_line    0x00000000      0x18a build/stm32f4xx_hal_tim_ex.o
 .debug_str     0x00000000      0x2aa build/stm32f4xx_hal_tim_ex.o
 .comment       0x00000000       0x7a build/stm32f4xx_hal_tim_ex.o
 .ARM.attributes
                0x00000000       0x39 build/stm32f4xx_hal_tim_ex.o
 .text          0x00000000        0x0 build/stm32f4xx_hal_rcc.o
 .data          0x00000000        0x0 build/stm32f4xx_hal_rcc.o
 .bss           0x00000000        0x0 build/stm32f4xx_hal_rcc.o
 .text.HAL_RCC_DeInit
                0x00000000        0x4 build/stm32f4xx_hal_rcc.o
 .text.HAL_RCC_MCOConfig
                0x00000000       0x9c build/stm32f4xx_hal_rcc.o
 .text.HAL_RCC_DisableCSS
                0x00000000        0xc build/stm32f4xx_hal_rcc.o
 .text.HAL_RCC_GetHCLKFreq
                0x00000000        0xc build/stm32f4xx_hal_rcc.o
 .text.HAL_RCC_GetPCLK1Freq
                0x00000000       0x20 build/stm32f4xx_hal_rcc.o
 .text.HAL_RCC_GetPCLK2Freq
                0x00000000       0x20 build/stm32f4xx_hal_rcc.o
 .text.HAL_RCC_GetOscConfig
                0x00000000       0xcc build/stm32f4xx_hal_rcc.o
 .text.HAL_RCC_GetClockConfig
                0x00000000       0x3c build/stm32f4xx_hal_rcc.o
 .text          0x00000000        0x0 build/stm32f4xx_hal_rcc_ex.o
 .data          0x00000000        0x0 build/stm32f4xx_hal_rcc_ex.o
 .bss           0x00000000        0x0 build/stm32f4xx_hal_rcc_ex.o
 .text.HAL_RCCEx_PeriphCLKConfig
                0x00000000      0x154 build/stm32f4xx_hal_rcc_ex.o
 .text.HAL_RCCEx_GetPeriphCLKConfig
                0x00000000       0x30 build/stm32f4xx_hal_rcc_ex.o
 .text.HAL_RCCEx_GetPeriphCLKFreq
                0x00000000       0x74 build/stm32f4xx_hal_rcc_ex.o
 .text.HAL_RCCEx_EnablePLLI2S
                0x00000000       0x68 build/stm32f4xx_hal_rcc_ex.o
 .text.HAL_RCCEx_DisablePLLI2S
                0x00000000       0x34 build/stm32f4xx_hal_rcc_ex.o
 .text.HAL_RCC_DeInit
                0x00000000      0x13c build/stm32f4xx_hal_rcc_ex.o
 .debug_info    0x00000000      0x7be build/stm32f4xx_hal_rcc_ex.o
 .debug_abbrev  0x00000000      0x1bb build/stm32f4xx_hal_rcc_ex.o
 .debug_loc     0x00000000      0x473 build/stm32f4xx_hal_rcc_ex.o
 .debug_aranges
                0x00000000       0x48 build/stm32f4xx_hal_rcc_ex.o
 .debug_ranges  0x00000000       0x38 build/stm32f4xx_hal_rcc_ex.o
 .debug_line    0x00000000      0x620 build/stm32f4xx_hal_rcc_ex.o
 .debug_str     0x00000000      0x57d build/stm32f4xx_hal_rcc_ex.o
 .comment       0x00000000       0x7a build/stm32f4xx_hal_rcc_ex.o
 .debug_frame   0x00000000       0xb4 build/stm32f4xx_hal_rcc_ex.o
 .ARM.attributes
                0x00000000       0x34 build/stm32f4xx_hal_rcc_ex.o
 .text          0x00000000        0x0 build/stm32f4xx_hal_flash.o
 .data          0x00000000        0x0 build/stm32f4xx_hal_flash.o
 .bss           0x00000000        0x0 build/stm32f4xx_hal_flash.o
 .text.FLASH_Program_DoubleWord
                0x00000000       0x30 build/stm32f4xx_hal_flash.o
 .text.FLASH_Program_Word
                0x00000000       0x24 build/stm32f4xx_hal_flash.o
 .text.FLASH_Program_HalfWord
                0x00000000       0x24 build/stm32f4xx_hal_flash.o
 .text.FLASH_Program_Byte
                0x00000000       0x20 build/stm32f4xx_hal_flash.o
 .text.FLASH_SetErrorCode
                0x00000000       0x8c build/stm32f4xx_hal_flash.o
 .text.HAL_FLASH_Program_IT
                0x00000000       0x68 build/stm32f4xx_hal_flash.o
 .text.HAL_FLASH_EndOfOperationCallback
                0x00000000        0x2 build/stm32f4xx_hal_flash.o
 .text.HAL_FLASH_OperationErrorCallback
                0x00000000        0x2 build/stm32f4xx_hal_flash.o
 .text.HAL_FLASH_IRQHandler
                0x00000000       0xf4 build/stm32f4xx_hal_flash.o
 .text.HAL_FLASH_Unlock
                0x00000000       0x30 build/stm32f4xx_hal_flash.o
 .text.HAL_FLASH_Lock
                0x00000000       0x14 build/stm32f4xx_hal_flash.o
 .text.HAL_FLASH_OB_Unlock
                0x00000000       0x28 build/stm32f4xx_hal_flash.o
 .text.HAL_FLASH_OB_Lock
                0x00000000       0x14 build/stm32f4xx_hal_flash.o
 .text.HAL_FLASH_GetError
                0x00000000        0xc build/stm32f4xx_hal_flash.o
 .text.FLASH_WaitForLastOperation
                0x00000000       0x60 build/stm32f4xx_hal_flash.o
 .text.HAL_FLASH_Program
                0x00000000       0x7c build/stm32f4xx_hal_flash.o
 .text.HAL_FLASH_OB_Launch
                0x00000000       0x1c build/stm32f4xx_hal_flash.o
 .debug_info    0x00000000      0x8ab build/stm32f4xx_hal_flash.o
 .debug_abbrev  0x00000000      0x303 build/stm32f4xx_hal_flash.o
 .debug_loc     0x00000000      0x498 build/stm32f4xx_hal_flash.o
 .debug_aranges
                0x00000000       0xa0 build/stm32f4xx_hal_flash.o
 .debug_ranges  0x00000000       0x90 build/stm32f4xx_hal_flash.o
 .debug_line    0x00000000      0x77d build/stm32f4xx_hal_flash.o
 .debug_str     0x00000000      0x61b build/stm32f4xx_hal_flash.o
 .comment       0x00000000       0x7a build/stm32f4xx_hal_flash.o
 .debug_frame   0x00000000      0x184 build/stm32f4xx_hal_flash.o
 .ARM.attributes
                0x00000000       0x34 build/stm32f4xx_hal_flash.o
 COMMON         0x00000000       0x20 build/stm32f4xx_hal_flash.o
 .text          0x00000000        0x0 build/stm32f4xx_hal_flash_ex.o
 .data          0x00000000        0x0 build/stm32f4xx_hal_flash_ex.o
 .bss           0x00000000        0x0 build/stm32f4xx_hal_flash_ex.o
 .text.FLASH_MassErase
                0x00000000       0x24 build/stm32f4xx_hal_flash_ex.o
 .text.FLASH_OB_BOR_LevelConfig
                0x00000000       0x18 build/stm32f4xx_hal_flash_ex.o
 .text.FLASH_OB_GetUser
                0x00000000       0x10 build/stm32f4xx_hal_flash_ex.o
 .text.FLASH_OB_GetWRP
                0x00000000        0xc build/stm32f4xx_hal_flash_ex.o
 .text.FLASH_OB_GetRDP
                0x00000000       0x1c build/stm32f4xx_hal_flash_ex.o
 .text.FLASH_OB_GetBOR
                0x00000000       0x10 build/stm32f4xx_hal_flash_ex.o
 .text.FLASH_OB_EnableWRP
                0x00000000       0x20 build/stm32f4xx_hal_flash_ex.o
 .text.FLASH_OB_DisableWRP
                0x00000000       0x20 build/stm32f4xx_hal_flash_ex.o
 .text.FLASH_OB_RDP_LevelConfig
                0x00000000       0x18 build/stm32f4xx_hal_flash_ex.o
 .text.FLASH_OB_UserConfig
                0x00000000       0x2c build/stm32f4xx_hal_flash_ex.o
 .text.HAL_FLASHEx_OBProgram
                0x00000000       0x84 build/stm32f4xx_hal_flash_ex.o
 .text.HAL_FLASHEx_OBGetConfig
                0x00000000       0x22 build/stm32f4xx_hal_flash_ex.o
 .text.FLASH_Erase_Sector
                0x00000000       0x58 build/stm32f4xx_hal_flash_ex.o
 .text.HAL_FLASHEx_Erase_IT
                0x00000000       0x6c build/stm32f4xx_hal_flash_ex.o
 .text.FLASH_FlushCaches
                0x00000000       0x60 build/stm32f4xx_hal_flash_ex.o
 .text.HAL_FLASHEx_Erase
                0x00000000       0x94 build/stm32f4xx_hal_flash_ex.o
 .debug_info    0x00000000      0x9ad build/stm32f4xx_hal_flash_ex.o
 .debug_abbrev  0x00000000      0x2a2 build/stm32f4xx_hal_flash_ex.o
 .debug_loc     0x00000000      0x6c3 build/stm32f4xx_hal_flash_ex.o
 .debug_aranges
                0x00000000       0x98 build/stm32f4xx_hal_flash_ex.o
 .debug_ranges  0x00000000       0x88 build/stm32f4xx_hal_flash_ex.o
 .debug_line    0x00000000      0x735 build/stm32f4xx_hal_flash_ex.o
 .debug_str     0x00000000      0x66b build/stm32f4xx_hal_flash_ex.o
 .comment       0x00000000       0x7a build/stm32f4xx_hal_flash_ex.o
 .debug_frame   0x00000000      0x19c build/stm32f4xx_hal_flash_ex.o
 .ARM.attributes
                0x00000000       0x34 build/stm32f4xx_hal_flash_ex.o
 .text          0x00000000        0x0 build/stm32f4xx_hal_flash_ramfunc.o
 .data          0x00000000        0x0 build/stm32f4xx_hal_flash_ramfunc.o
 .bss           0x00000000        0x0 build/stm32f4xx_hal_flash_ramfunc.o
 .debug_info    0x00000000      0x182 build/stm32f4xx_hal_flash_ramfunc.o
 .debug_abbrev  0x00000000       0x97 build/stm32f4xx_hal_flash_ramfunc.o
 .debug_aranges
                0x00000000       0x18 build/stm32f4xx_hal_flash_ramfunc.o
 .debug_line    0x00000000      0x18a build/stm32f4xx_hal_flash_ramfunc.o
 .debug_str     0x00000000      0x2b1 build/stm32f4xx_hal_flash_ramfunc.o
 .comment       0x00000000       0x7a build/stm32f4xx_hal_flash_ramfunc.o
 .ARM.attributes
                0x00000000       0x39 build/stm32f4xx_hal_flash_ramfunc.o
 .text          0x00000000        0x0 build/stm32f4xx_hal_gpio.o
 .data          0x00000000        0x0 build/stm32f4xx_hal_gpio.o
 .bss           0x00000000        0x0 build/stm32f4xx_hal_gpio.o
 .text.HAL_GPIO_DeInit
                0x00000000      0x134 build/stm32f4xx_hal_gpio.o
 .text.HAL_GPIO_ReadPin
                0x00000000        0xe build/stm32f4xx_hal_gpio.o
 .text.HAL_GPIO_LockPin
                0x00000000       0x2e build/stm32f4xx_hal_gpio.o
 .text.HAL_GPIO_EXTI_Callback
                0x00000000        0x2 build/stm32f4xx_hal_gpio.o
 .text.HAL_GPIO_EXTI_IRQHandler
                0x00000000       0x1c build/stm32f4xx_hal_gpio.o
 .text          0x00000000        0x0 build/stm32f4xx_hal_dma_ex.o
 .data          0x00000000        0x0 build/stm32f4xx_hal_dma_ex.o
 .bss           0x00000000        0x0 build/stm32f4xx_hal_dma_ex.o
 .text.DMA_MultiBufferSetConfig
                0x00000000       0x24 build/stm32f4xx_hal_dma_ex.o
 .text.HAL_DMAEx_MultiBufferStart
                0x00000000       0x5e build/stm32f4xx_hal_dma_ex.o
 .text.HAL_DMAEx_MultiBufferStart_IT
                0x00000000      0xefc build/stm32f4xx_hal_dma_ex.o
 .text.HAL_DMAEx_ChangeMemory
                0x00000000       0x10 build/stm32f4xx_hal_dma_ex.o
 .debug_info    0x00000000      0x705 build/stm32f4xx_hal_dma_ex.o
 .debug_abbrev  0x00000000      0x215 build/stm32f4xx_hal_dma_ex.o
 .debug_loc     0x00000000      0x49a build/stm32f4xx_hal_dma_ex.o
 .debug_aranges
                0x00000000       0x38 build/stm32f4xx_hal_dma_ex.o
 .debug_ranges  0x00000000       0x28 build/stm32f4xx_hal_dma_ex.o
 .debug_line    0x00000000      0xa45 build/stm32f4xx_hal_dma_ex.o
 .debug_str     0x00000000      0x62c build/stm32f4xx_hal_dma_ex.o
 .comment       0x00000000       0x7a build/stm32f4xx_hal_dma_ex.o
 .debug_frame   0x00000000       0x80 build/stm32f4xx_hal_dma_ex.o
 .ARM.attributes
                0x00000000       0x34 build/stm32f4xx_hal_dma_ex.o
 .text          0x00000000        0x0 build/stm32f4xx_hal_dma.o
 .data          0x00000000        0x0 build/stm32f4xx_hal_dma.o
 .bss           0x00000000        0x0 build/stm32f4xx_hal_dma.o
 .text.DMA_SetConfig
                0x00000000       0x2c build/stm32f4xx_hal_dma.o
 .text.DMA_CalcBaseAndBitshift
                0x00000000       0x44 build/stm32f4xx_hal_dma.o
 .text.DMA_CheckFifoParam
                0x00000000       0x8e build/stm32f4xx_hal_dma.o
 .text.HAL_DMA_Init
                0x00000000       0xcc build/stm32f4xx_hal_dma.o
 .text.HAL_DMA_DeInit
                0x00000000       0x64 build/stm32f4xx_hal_dma.o
 .text.HAL_DMA_Start
                0x00000000       0x48 build/stm32f4xx_hal_dma.o
 .text.HAL_DMA_Start_IT
                0x00000000       0x6a build/stm32f4xx_hal_dma.o
 .text.HAL_DMA_Abort
                0x00000000       0x94 build/stm32f4xx_hal_dma.o
 .text.HAL_DMA_Abort_IT
                0x00000000       0x26 build/stm32f4xx_hal_dma.o
 .text.HAL_DMA_PollForTransfer
                0x00000000      0x128 build/stm32f4xx_hal_dma.o
 .text.HAL_DMA_IRQHandler
                0x00000000      0x1dc build/stm32f4xx_hal_dma.o
 .text.HAL_DMA_RegisterCallback
                0x00000000       0x58 build/stm32f4xx_hal_dma.o
 .text.HAL_DMA_UnRegisterCallback
                0x00000000       0x6e build/stm32f4xx_hal_dma.o
 .text.HAL_DMA_GetState
                0x00000000        0x6 build/stm32f4xx_hal_dma.o
 .text.HAL_DMA_GetError
                0x00000000        0x4 build/stm32f4xx_hal_dma.o
 .rodata.flagBitshiftOffset.7628
                0x00000000        0x8 build/stm32f4xx_hal_dma.o
 .debug_info    0x00000000      0xc8b build/stm32f4xx_hal_dma.o
 .debug_abbrev  0x00000000      0x312 build/stm32f4xx_hal_dma.o
 .debug_loc     0x00000000      0xd6d build/stm32f4xx_hal_dma.o
 .debug_aranges
                0x00000000       0x90 build/stm32f4xx_hal_dma.o
 .debug_ranges  0x00000000       0x80 build/stm32f4xx_hal_dma.o
 .debug_line    0x00000000      0xe3d build/stm32f4xx_hal_dma.o
 .debug_str     0x00000000      0x837 build/stm32f4xx_hal_dma.o
 .comment       0x00000000       0x7a build/stm32f4xx_hal_dma.o
 .debug_frame   0x00000000      0x1b8 build/stm32f4xx_hal_dma.o
 .ARM.attributes
                0x00000000       0x34 build/stm32f4xx_hal_dma.o
 .text          0x00000000        0x0 build/stm32f4xx_hal_pwr.o
 .data          0x00000000        0x0 build/stm32f4xx_hal_pwr.o
 .bss           0x00000000        0x0 build/stm32f4xx_hal_pwr.o
 .text.HAL_PWR_DeInit
                0x00000000       0x18 build/stm32f4xx_hal_pwr.o
 .text.HAL_PWR_EnableBkUpAccess
                0x00000000        0xc build/stm32f4xx_hal_pwr.o
 .text.HAL_PWR_DisableBkUpAccess
                0x00000000        0xc build/stm32f4xx_hal_pwr.o
 .text.HAL_PWR_ConfigPVD
                0x00000000       0x84 build/stm32f4xx_hal_pwr.o
 .text.HAL_PWR_EnablePVD
                0x00000000        0xc build/stm32f4xx_hal_pwr.o
 .text.HAL_PWR_DisablePVD
                0x00000000        0xc build/stm32f4xx_hal_pwr.o
 .text.HAL_PWR_EnableWakeUpPin
                0x00000000       0x10 build/stm32f4xx_hal_pwr.o
 .text.HAL_PWR_DisableWakeUpPin
                0x00000000       0x10 build/stm32f4xx_hal_pwr.o
 .text.HAL_PWR_EnterSLEEPMode
                0x00000000       0x20 build/stm32f4xx_hal_pwr.o
 .text.HAL_PWR_EnterSTOPMode
                0x00000000       0x38 build/stm32f4xx_hal_pwr.o
 .text.HAL_PWR_EnterSTANDBYMode
                0x00000000       0x20 build/stm32f4xx_hal_pwr.o
 .text.HAL_PWR_PVDCallback
                0x00000000        0x2 build/stm32f4xx_hal_pwr.o
 .text.HAL_PWR_PVD_IRQHandler
                0x00000000       0x20 build/stm32f4xx_hal_pwr.o
 .text.HAL_PWR_EnableSleepOnExit
                0x00000000       0x10 build/stm32f4xx_hal_pwr.o
 .text.HAL_PWR_DisableSleepOnExit
                0x00000000       0x10 build/stm32f4xx_hal_pwr.o
 .text.HAL_PWR_EnableSEVOnPend
                0x00000000       0x10 build/stm32f4xx_hal_pwr.o
 .text.HAL_PWR_DisableSEVOnPend
                0x00000000       0x10 build/stm32f4xx_hal_pwr.o
 .debug_info    0x00000000      0x8ae build/stm32f4xx_hal_pwr.o
 .debug_abbrev  0x00000000      0x1c4 build/stm32f4xx_hal_pwr.o
 .debug_loc     0x00000000       0x20 build/stm32f4xx_hal_pwr.o
 .debug_aranges
                0x00000000       0xa0 build/stm32f4xx_hal_pwr.o
 .debug_ranges  0x00000000       0x90 build/stm32f4xx_hal_pwr.o
 .debug_line    0x00000000      0x416 build/stm32f4xx_hal_pwr.o
 .debug_str     0x00000000      0x608 build/stm32f4xx_hal_pwr.o
 .comment       0x00000000       0x7a build/stm32f4xx_hal_pwr.o
 .debug_frame   0x00000000      0x12c build/stm32f4xx_hal_pwr.o
 .ARM.attributes
                0x00000000       0x34 build/stm32f4xx_hal_pwr.o
 .text          0x00000000        0x0 build/stm32f4xx_hal_pwr_ex.o
 .data          0x00000000        0x0 build/stm32f4xx_hal_pwr_ex.o
 .bss           0x00000000        0x0 build/stm32f4xx_hal_pwr_ex.o
 .text.HAL_PWREx_EnableBkUpReg
                0x00000000       0x34 build/stm32f4xx_hal_pwr_ex.o
 .text.HAL_PWREx_DisableBkUpReg
                0x00000000       0x34 build/stm32f4xx_hal_pwr_ex.o
 .text.HAL_PWREx_EnableFlashPowerDown
                0x00000000        0xc build/stm32f4xx_hal_pwr_ex.o
 .text.HAL_PWREx_DisableFlashPowerDown
                0x00000000        0xc build/stm32f4xx_hal_pwr_ex.o
 .text.HAL_PWREx_GetVoltageRange
                0x00000000       0x10 build/stm32f4xx_hal_pwr_ex.o
 .text.HAL_PWREx_ControlVoltageScaling
                0x00000000       0x64 build/stm32f4xx_hal_pwr_ex.o
 .debug_info    0x00000000      0x5ab build/stm32f4xx_hal_pwr_ex.o
 .debug_abbrev  0x00000000      0x19d build/stm32f4xx_hal_pwr_ex.o
 .debug_loc     0x00000000      0x12d build/stm32f4xx_hal_pwr_ex.o
 .debug_aranges
                0x00000000       0x48 build/stm32f4xx_hal_pwr_ex.o
 .debug_ranges  0x00000000       0x38 build/stm32f4xx_hal_pwr_ex.o
 .debug_line    0x00000000      0x331 build/stm32f4xx_hal_pwr_ex.o
 .debug_str     0x00000000      0x4d5 build/stm32f4xx_hal_pwr_ex.o
 .comment       0x00000000       0x7a build/stm32f4xx_hal_pwr_ex.o
 .debug_frame   0x00000000       0x98 build/stm32f4xx_hal_pwr_ex.o
 .ARM.attributes
                0x00000000       0x34 build/stm32f4xx_hal_pwr_ex.o
 .text          0x00000000        0x0 build/stm32f4xx_hal_cortex.o
 .data          0x00000000        0x0 build/stm32f4xx_hal_cortex.o
 .bss           0x00000000        0x0 build/stm32f4xx_hal_cortex.o
 .text.HAL_NVIC_EnableIRQ
                0x00000000       0x1c build/stm32f4xx_hal_cortex.o
 .text.HAL_NVIC_DisableIRQ
                0x00000000       0x24 build/stm32f4xx_hal_cortex.o
 .text.HAL_NVIC_SystemReset
                0x00000000       0x24 build/stm32f4xx_hal_cortex.o
 .text.HAL_MPU_Disable
                0x00000000       0x20 build/stm32f4xx_hal_cortex.o
 .text.HAL_MPU_Enable
                0x00000000       0x24 build/stm32f4xx_hal_cortex.o
 .text.HAL_MPU_ConfigRegion
                0x00000000       0x54 build/stm32f4xx_hal_cortex.o
 .text.HAL_NVIC_GetPriorityGrouping
                0x00000000       0x10 build/stm32f4xx_hal_cortex.o
 .text.HAL_NVIC_GetPriority
                0x00000000       0x60 build/stm32f4xx_hal_cortex.o
 .text.HAL_NVIC_SetPendingIRQ
                0x00000000       0x1c build/stm32f4xx_hal_cortex.o
 .text.HAL_NVIC_GetPendingIRQ
                0x00000000       0x24 build/stm32f4xx_hal_cortex.o
 .text.HAL_NVIC_ClearPendingIRQ
                0x00000000       0x1c build/stm32f4xx_hal_cortex.o
 .text.HAL_NVIC_GetActive
                0x00000000       0x24 build/stm32f4xx_hal_cortex.o
 .text.HAL_SYSTICK_CLKSourceConfig
                0x00000000       0x20 build/stm32f4xx_hal_cortex.o
 .text.HAL_SYSTICK_Callback
                0x00000000        0x2 build/stm32f4xx_hal_cortex.o
 .text.HAL_SYSTICK_IRQHandler
                0x00000000        0x8 build/stm32f4xx_hal_cortex.o
 .text          0x00000000        0x0 build/stm32f4xx_hal.o
 .data          0x00000000        0x0 build/stm32f4xx_hal.o
 .bss           0x00000000        0x0 build/stm32f4xx_hal.o
 .text.HAL_MspInit
                0x00000000        0x2 build/stm32f4xx_hal.o
 .text.HAL_MspDeInit
                0x00000000        0x2 build/stm32f4xx_hal.o
 .text.HAL_DeInit
                0x00000000       0x2c build/stm32f4xx_hal.o
 .text.HAL_GetTickPrio
                0x00000000        0xc build/stm32f4xx_hal.o
 .text.HAL_SetTickFreq
                0x00000000       0x2c build/stm32f4xx_hal.o
 .text.HAL_GetTickFreq
                0x00000000        0xc build/stm32f4xx_hal.o
 .text.HAL_SuspendTick
                0x00000000       0x10 build/stm32f4xx_hal.o
 .text.HAL_ResumeTick
                0x00000000       0x10 build/stm32f4xx_hal.o
 .text.HAL_GetHalVersion
                0x00000000        0x8 build/stm32f4xx_hal.o
 .text.HAL_GetREVID
                0x00000000        0xc build/stm32f4xx_hal.o
 .text.HAL_GetDEVID
                0x00000000       0x10 build/stm32f4xx_hal.o
 .text.HAL_DBGMCU_EnableDBGSleepMode
                0x00000000       0x10 build/stm32f4xx_hal.o
 .text.HAL_DBGMCU_DisableDBGSleepMode
                0x00000000       0x10 build/stm32f4xx_hal.o
 .text.HAL_DBGMCU_EnableDBGStopMode
                0x00000000       0x10 build/stm32f4xx_hal.o
 .text.HAL_DBGMCU_DisableDBGStopMode
                0x00000000       0x10 build/stm32f4xx_hal.o
 .text.HAL_DBGMCU_EnableDBGStandbyMode
                0x00000000       0x10 build/stm32f4xx_hal.o
 .text.HAL_DBGMCU_DisableDBGStandbyMode
                0x00000000       0x10 build/stm32f4xx_hal.o
 .text.HAL_EnableCompensationCell
                0x00000000        0xc build/stm32f4xx_hal.o
 .text.HAL_DisableCompensationCell
                0x00000000        0xc build/stm32f4xx_hal.o
 .text.HAL_GetUIDw0
                0x00000000        0xc build/stm32f4xx_hal.o
 .text.HAL_GetUIDw1
                0x00000000        0xc build/stm32f4xx_hal.o
 .text.HAL_GetUIDw2
                0x00000000        0xc build/stm32f4xx_hal.o
 .text          0x00000000        0x0 build/stm32f4xx_hal_exti.o
 .data          0x00000000        0x0 build/stm32f4xx_hal_exti.o
 .bss           0x00000000        0x0 build/stm32f4xx_hal_exti.o
 .text.HAL_EXTI_SetConfigLine
                0x00000000       0xd8 build/stm32f4xx_hal_exti.o
 .text.HAL_EXTI_GetConfigLine
                0x00000000       0xac build/stm32f4xx_hal_exti.o
 .text.HAL_EXTI_ClearConfigLine
                0x00000000       0x80 build/stm32f4xx_hal_exti.o
 .text.HAL_EXTI_RegisterCallback
                0x00000000        0xe build/stm32f4xx_hal_exti.o
 .text.HAL_EXTI_GetHandle
                0x00000000        0xc build/stm32f4xx_hal_exti.o
 .text.HAL_EXTI_IRQHandler
                0x00000000       0x24 build/stm32f4xx_hal_exti.o
 .text.HAL_EXTI_GetPending
                0x00000000       0x1c build/stm32f4xx_hal_exti.o
 .text.HAL_EXTI_ClearPending
                0x00000000       0x14 build/stm32f4xx_hal_exti.o
 .text.HAL_EXTI_GenerateSWI
                0x00000000       0x14 build/stm32f4xx_hal_exti.o
 .debug_info    0x00000000      0x70d build/stm32f4xx_hal_exti.o
 .debug_abbrev  0x00000000      0x22d build/stm32f4xx_hal_exti.o
 .debug_loc     0x00000000      0x5b5 build/stm32f4xx_hal_exti.o
 .debug_aranges
                0x00000000       0x60 build/stm32f4xx_hal_exti.o
 .debug_ranges  0x00000000       0x50 build/stm32f4xx_hal_exti.o
 .debug_line    0x00000000      0x659 build/stm32f4xx_hal_exti.o
 .debug_str     0x00000000      0x4c4 build/stm32f4xx_hal_exti.o
 .comment       0x00000000       0x7a build/stm32f4xx_hal_exti.o
 .debug_frame   0x00000000      0x108 build/stm32f4xx_hal_exti.o
 .ARM.attributes
                0x00000000       0x34 build/stm32f4xx_hal_exti.o
 .text          0x00000000        0x0 build/system_stm32f4xx.o
 .data          0x00000000        0x0 build/system_stm32f4xx.o
 .bss           0x00000000        0x0 build/system_stm32f4xx.o
 .text.SystemCoreClockUpdate
                0x00000000       0xa0 build/system_stm32f4xx.o
 .rodata.APBPrescTable
                0x00000000        0x8 build/system_stm32f4xx.o
 .text          0x00000000       0x14 build/startup_stm32f407xx.o
 .data          0x00000000        0x0 build/startup_stm32f407xx.o
 .bss           0x00000000        0x0 build/startup_stm32f407xx.o
 .text          0x00000000        0x0 c:/program files (x86)/gnu tools arm embedded/9 2019-q4-major/bin/../lib/gcc/arm-none-eabi/9.2.1/../../../../arm-none-eabi/lib/thumb/v7e-m+fp/hard\libc_nano.a(lib_a-exit.o)
 .data          0x00000000        0x0 c:/program files (x86)/gnu tools arm embedded/9 2019-q4-major/bin/../lib/gcc/arm-none-eabi/9.2.1/../../../../arm-none-eabi/lib/thumb/v7e-m+fp/hard\libc_nano.a(lib_a-exit.o)
 .bss           0x00000000        0x0 c:/program files (x86)/gnu tools arm embedded/9 2019-q4-major/bin/../lib/gcc/arm-none-eabi/9.2.1/../../../../arm-none-eabi/lib/thumb/v7e-m+fp/hard\libc_nano.a(lib_a-exit.o)
 .text.exit     0x00000000       0x28 c:/program files (x86)/gnu tools arm embedded/9 2019-q4-major/bin/../lib/gcc/arm-none-eabi/9.2.1/../../../../arm-none-eabi/lib/thumb/v7e-m+fp/hard\libc_nano.a(lib_a-exit.o)
 .debug_frame   0x00000000       0x28 c:/program files (x86)/gnu tools arm embedded/9 2019-q4-major/bin/../lib/gcc/arm-none-eabi/9.2.1/../../../../arm-none-eabi/lib/thumb/v7e-m+fp/hard\libc_nano.a(lib_a-exit.o)
 .ARM.attributes
                0x00000000       0x34 c:/program files (x86)/gnu tools arm embedded/9 2019-q4-major/bin/../lib/gcc/arm-none-eabi/9.2.1/../../../../arm-none-eabi/lib/thumb/v7e-m+fp/hard\libc_nano.a(lib_a-exit.o)
 .text          0x00000000        0x0 c:/program files (x86)/gnu tools arm embedded/9 2019-q4-major/bin/../lib/gcc/arm-none-eabi/9.2.1/../../../../arm-none-eabi/lib/thumb/v7e-m+fp/hard\libc_nano.a(lib_a-impure.o)
 .data          0x00000000        0x0 c:/program files (x86)/gnu tools arm embedded/9 2019-q4-major/bin/../lib/gcc/arm-none-eabi/9.2.1/../../../../arm-none-eabi/lib/thumb/v7e-m+fp/hard\libc_nano.a(lib_a-impure.o)
 .bss           0x00000000        0x0 c:/program files (x86)/gnu tools arm embedded/9 2019-q4-major/bin/../lib/gcc/arm-none-eabi/9.2.1/../../../../arm-none-eabi/lib/thumb/v7e-m+fp/hard\libc_nano.a(lib_a-impure.o)
 .data._impure_ptr
                0x00000000        0x4 c:/program files (x86)/gnu tools arm embedded/9 2019-q4-major/bin/../lib/gcc/arm-none-eabi/9.2.1/../../../../arm-none-eabi/lib/thumb/v7e-m+fp/hard\libc_nano.a(lib_a-impure.o)
 .data.impure_data
                0x00000000       0x60 c:/program files (x86)/gnu tools arm embedded/9 2019-q4-major/bin/../lib/gcc/arm-none-eabi/9.2.1/../../../../arm-none-eabi/lib/thumb/v7e-m+fp/hard\libc_nano.a(lib_a-impure.o)
 .rodata._global_impure_ptr
                0x00000000        0x4 c:/program files (x86)/gnu tools arm embedded/9 2019-q4-major/bin/../lib/gcc/arm-none-eabi/9.2.1/../../../../arm-none-eabi/lib/thumb/v7e-m+fp/hard\libc_nano.a(lib_a-impure.o)
 .ARM.attributes
                0x00000000       0x32 c:/program files (x86)/gnu tools arm embedded/9 2019-q4-major/bin/../lib/gcc/arm-none-eabi/9.2.1/../../../../arm-none-eabi/lib/thumb/v7e-m+fp/hard\libc_nano.a(lib_a-impure.o)
 .text          0x00000000        0x0 c:/program files (x86)/gnu tools arm embedded/9 2019-q4-major/bin/../lib/gcc/arm-none-eabi/9.2.1/../../../../arm-none-eabi/lib/thumb/v7e-m+fp/hard\libc_nano.a(lib_a-init.o)
 .data          0x00000000        0x0 c:/program files (x86)/gnu tools arm embedded/9 2019-q4-major/bin/../lib/gcc/arm-none-eabi/9.2.1/../../../../arm-none-eabi/lib/thumb/v7e-m+fp/hard\libc_nano.a(lib_a-init.o)
 .bss           0x00000000        0x0 c:/program files (x86)/gnu tools arm embedded/9 2019-q4-major/bin/../lib/gcc/arm-none-eabi/9.2.1/../../../../arm-none-eabi/lib/thumb/v7e-m+fp/hard\libc_nano.a(lib_a-init.o)
 .text          0x00000000        0x0 c:/program files (x86)/gnu tools arm embedded/9 2019-q4-major/bin/../lib/gcc/arm-none-eabi/9.2.1/../../../../arm-none-eabi/lib/thumb/v7e-m+fp/hard\libc_nano.a(lib_a-memset.o)
 .data          0x00000000        0x0 c:/program files (x86)/gnu tools arm embedded/9 2019-q4-major/bin/../lib/gcc/arm-none-eabi/9.2.1/../../../../arm-none-eabi/lib/thumb/v7e-m+fp/hard\libc_nano.a(lib_a-memset.o)
 .bss           0x00000000        0x0 c:/program files (x86)/gnu tools arm embedded/9 2019-q4-major/bin/../lib/gcc/arm-none-eabi/9.2.1/../../../../arm-none-eabi/lib/thumb/v7e-m+fp/hard\libc_nano.a(lib_a-memset.o)
 .text          0x00000000        0x0 c:/program files (x86)/gnu tools arm embedded/9 2019-q4-major/bin/../lib/gcc/arm-none-eabi/9.2.1/../../../../arm-none-eabi/lib/thumb/v7e-m+fp/hard\libnosys.a(_exit.o)
 .data          0x00000000        0x0 c:/program files (x86)/gnu tools arm embedded/9 2019-q4-major/bin/../lib/gcc/arm-none-eabi/9.2.1/../../../../arm-none-eabi/lib/thumb/v7e-m+fp/hard\libnosys.a(_exit.o)
 .bss           0x00000000        0x0 c:/program files (x86)/gnu tools arm embedded/9 2019-q4-major/bin/../lib/gcc/arm-none-eabi/9.2.1/../../../../arm-none-eabi/lib/thumb/v7e-m+fp/hard\libnosys.a(_exit.o)
 .text._exit    0x00000000        0x4 c:/program files (x86)/gnu tools arm embedded/9 2019-q4-major/bin/../lib/gcc/arm-none-eabi/9.2.1/../../../../arm-none-eabi/lib/thumb/v7e-m+fp/hard\libnosys.a(_exit.o)
 .debug_frame   0x00000000       0x20 c:/program files (x86)/gnu tools arm embedded/9 2019-q4-major/bin/../lib/gcc/arm-none-eabi/9.2.1/../../../../arm-none-eabi/lib/thumb/v7e-m+fp/hard\libnosys.a(_exit.o)
 .ARM.attributes
                0x00000000       0x34 c:/program files (x86)/gnu tools arm embedded/9 2019-q4-major/bin/../lib/gcc/arm-none-eabi/9.2.1/../../../../arm-none-eabi/lib/thumb/v7e-m+fp/hard\libnosys.a(_exit.o)
 .data          0x00000000        0x0 c:/program files (x86)/gnu tools arm embedded/9 2019-q4-major/bin/../lib/gcc/arm-none-eabi/9.2.1/thumb/v7e-m+fp/hard\libgcc.a(_aeabi_uldivmod.o)
 .bss           0x00000000        0x0 c:/program files (x86)/gnu tools arm embedded/9 2019-q4-major/bin/../lib/gcc/arm-none-eabi/9.2.1/thumb/v7e-m+fp/hard\libgcc.a(_aeabi_uldivmod.o)
 .data          0x00000000        0x0 c:/program files (x86)/gnu tools arm embedded/9 2019-q4-major/bin/../lib/gcc/arm-none-eabi/9.2.1/thumb/v7e-m+fp/hard\libgcc.a(_udivmoddi4.o)
 .bss           0x00000000        0x0 c:/program files (x86)/gnu tools arm embedded/9 2019-q4-major/bin/../lib/gcc/arm-none-eabi/9.2.1/thumb/v7e-m+fp/hard\libgcc.a(_udivmoddi4.o)
 .ARM.extab     0x00000000        0x0 c:/program files (x86)/gnu tools arm embedded/9 2019-q4-major/bin/../lib/gcc/arm-none-eabi/9.2.1/thumb/v7e-m+fp/hard\libgcc.a(_udivmoddi4.o)
 .data          0x00000000        0x0 c:/program files (x86)/gnu tools arm embedded/9 2019-q4-major/bin/../lib/gcc/arm-none-eabi/9.2.1/thumb/v7e-m+fp/hard\libgcc.a(_dvmd_tls.o)
 .bss           0x00000000        0x0 c:/program files (x86)/gnu tools arm embedded/9 2019-q4-major/bin/../lib/gcc/arm-none-eabi/9.2.1/thumb/v7e-m+fp/hard\libgcc.a(_dvmd_tls.o)
 .text          0x00000000        0x0 c:/program files (x86)/gnu tools arm embedded/9 2019-q4-major/bin/../lib/gcc/arm-none-eabi/9.2.1/thumb/v7e-m+fp/hard/crtend.o
 .data          0x00000000        0x0 c:/program files (x86)/gnu tools arm embedded/9 2019-q4-major/bin/../lib/gcc/arm-none-eabi/9.2.1/thumb/v7e-m+fp/hard/crtend.o
 .bss           0x00000000        0x0 c:/program files (x86)/gnu tools arm embedded/9 2019-q4-major/bin/../lib/gcc/arm-none-eabi/9.2.1/thumb/v7e-m+fp/hard/crtend.o
 .eh_frame      0x00000000        0x4 c:/program files (x86)/gnu tools arm embedded/9 2019-q4-major/bin/../lib/gcc/arm-none-eabi/9.2.1/thumb/v7e-m+fp/hard/crtend.o
 .ARM.attributes
                0x00000000       0x32 c:/program files (x86)/gnu tools arm embedded/9 2019-q4-major/bin/../lib/gcc/arm-none-eabi/9.2.1/thumb/v7e-m+fp/hard/crtend.o
 .text          0x00000000        0x0 c:/program files (x86)/gnu tools arm embedded/9 2019-q4-major/bin/../lib/gcc/arm-none-eabi/9.2.1/thumb/v7e-m+fp/hard/crtn.o
 .data          0x00000000        0x0 c:/program files (x86)/gnu tools arm embedded/9 2019-q4-major/bin/../lib/gcc/arm-none-eabi/9.2.1/thumb/v7e-m+fp/hard/crtn.o
 .bss           0x00000000        0x0 c:/program files (x86)/gnu tools arm embedded/9 2019-q4-major/bin/../lib/gcc/arm-none-eabi/9.2.1/thumb/v7e-m+fp/hard/crtn.o

Memory Configuration

Name             Origin             Length             Attributes
RAM              0x20000000         0x00020000         xrw
CCMRAM           0x10000000         0x00010000         xrw
FLASH            0x08000000         0x00100000         xr
*default*        0x00000000         0xffffffff

Linker script and memory map

LOAD c:/program files (x86)/gnu tools arm embedded/9 2019-q4-major/bin/../lib/gcc/arm-none-eabi/9.2.1/thumb/v7e-m+fp/hard/crti.o
LOAD c:/program files (x86)/gnu tools arm embedded/9 2019-q4-major/bin/../lib/gcc/arm-none-eabi/9.2.1/thumb/v7e-m+fp/hard/crtbegin.o
LOAD c:/program files (x86)/gnu tools arm embedded/9 2019-q4-major/bin/../lib/gcc/arm-none-eabi/9.2.1/../../../../arm-none-eabi/lib/thumb/v7e-m+fp/hard/crt0.o
LOAD build/main.o
LOAD build/gpio.o
LOAD build/stm32f4xx_it.o
LOAD build/stm32f4xx_hal_msp.o
LOAD build/stm32f4xx_hal_tim.o
LOAD build/stm32f4xx_hal_tim_ex.o
LOAD build/stm32f4xx_hal_rcc.o
LOAD build/stm32f4xx_hal_rcc_ex.o
LOAD build/stm32f4xx_hal_flash.o
LOAD build/stm32f4xx_hal_flash_ex.o
LOAD build/stm32f4xx_hal_flash_ramfunc.o
LOAD build/stm32f4xx_hal_gpio.o
LOAD build/stm32f4xx_hal_dma_ex.o
LOAD build/stm32f4xx_hal_dma.o
LOAD build/stm32f4xx_hal_pwr.o
LOAD build/stm32f4xx_hal_pwr_ex.o
LOAD build/stm32f4xx_hal_cortex.o
LOAD build/stm32f4xx_hal.o
LOAD build/stm32f4xx_hal_exti.o
LOAD build/system_stm32f4xx.o
LOAD build/startup_stm32f407xx.o
LOAD c:/program files (x86)/gnu tools arm embedded/9 2019-q4-major/bin/../lib/gcc/arm-none-eabi/9.2.1/../../../../arm-none-eabi/lib/thumb/v7e-m+fp/hard\libc_nano.a
LOAD c:/program files (x86)/gnu tools arm embedded/9 2019-q4-major/bin/../lib/gcc/arm-none-eabi/9.2.1/../../../../arm-none-eabi/lib/thumb/v7e-m+fp/hard\libm.a
LOAD c:/program files (x86)/gnu tools arm embedded/9 2019-q4-major/bin/../lib/gcc/arm-none-eabi/9.2.1/../../../../arm-none-eabi/lib/thumb/v7e-m+fp/hard\libnosys.a
START GROUP
LOAD c:/program files (x86)/gnu tools arm embedded/9 2019-q4-major/bin/../lib/gcc/arm-none-eabi/9.2.1/thumb/v7e-m+fp/hard\libgcc.a
LOAD c:/program files (x86)/gnu tools arm embedded/9 2019-q4-major/bin/../lib/gcc/arm-none-eabi/9.2.1/../../../../arm-none-eabi/lib/thumb/v7e-m+fp/hard\libc_nano.a
END GROUP
START GROUP
LOAD c:/program files (x86)/gnu tools arm embedded/9 2019-q4-major/bin/../lib/gcc/arm-none-eabi/9.2.1/thumb/v7e-m+fp/hard\libgcc.a
LOAD c:/program files (x86)/gnu tools arm embedded/9 2019-q4-major/bin/../lib/gcc/arm-none-eabi/9.2.1/../../../../arm-none-eabi/lib/thumb/v7e-m+fp/hard\libc_nano.a
END GROUP
LOAD c:/program files (x86)/gnu tools arm embedded/9 2019-q4-major/bin/../lib/gcc/arm-none-eabi/9.2.1/thumb/v7e-m+fp/hard/crtend.o
LOAD c:/program files (x86)/gnu tools arm embedded/9 2019-q4-major/bin/../lib/gcc/arm-none-eabi/9.2.1/thumb/v7e-m+fp/hard/crtn.o
                0x20020000                _estack = 0x20020000
                0x00000200                _Min_Heap_Size = 0x200
                0x00000400                _Min_Stack_Size = 0x400

.isr_vector     0x08000000      0x188
                0x08000000                . = ALIGN (0x4)
 *(.isr_vector)
 .isr_vector    0x08000000      0x188 build/startup_stm32f407xx.o
                0x08000000                g_pfnVectors
                0x08000188                . = ALIGN (0x4)

.text           0x08000188      0xf60
                0x08000188                . = ALIGN (0x4)
 *(.text)
 .text          0x08000188       0x40 c:/program files (x86)/gnu tools arm embedded/9 2019-q4-major/bin/../lib/gcc/arm-none-eabi/9.2.1/thumb/v7e-m+fp/hard/crtbegin.o
 .text          0x080001c8       0x30 c:/program files (x86)/gnu tools arm embedded/9 2019-q4-major/bin/../lib/gcc/arm-none-eabi/9.2.1/thumb/v7e-m+fp/hard\libgcc.a(_aeabi_uldivmod.o)
                0x080001c8                __aeabi_uldivmod
 .text          0x080001f8      0x2c4 c:/program files (x86)/gnu tools arm embedded/9 2019-q4-major/bin/../lib/gcc/arm-none-eabi/9.2.1/thumb/v7e-m+fp/hard\libgcc.a(_udivmoddi4.o)
                0x080001f8                __udivmoddi4
 .text          0x080004bc        0x4 c:/program files (x86)/gnu tools arm embedded/9 2019-q4-major/bin/../lib/gcc/arm-none-eabi/9.2.1/thumb/v7e-m+fp/hard\libgcc.a(_dvmd_tls.o)
                0x080004bc                __aeabi_idiv0
                0x080004bc                __aeabi_ldiv0
 *(.text*)
 .text.SystemClock_Config
                0x080004c0       0x98 build/main.o
                0x080004c0                SystemClock_Config
 .text.main     0x08000558       0x28 build/main.o
                0x08000558                main
 .text.MX_GPIO_Init
                0x08000580       0xa0 build/gpio.o
                0x08000580                MX_GPIO_Init
 .text.NMI_Handler
                0x08000620        0x8 build/stm32f4xx_it.o
                0x08000620                NMI_Handler
 .text.HardFault_Handler
                0x08000628        0x2 build/stm32f4xx_it.o
                0x08000628                HardFault_Handler
 .text.MemManage_Handler
                0x0800062a        0x2 build/stm32f4xx_it.o
                0x0800062a                MemManage_Handler
 .text.BusFault_Handler
                0x0800062c        0x2 build/stm32f4xx_it.o
                0x0800062c                BusFault_Handler
 .text.UsageFault_Handler
                0x0800062e        0x2 build/stm32f4xx_it.o
                0x0800062e                UsageFault_Handler
 .text.SVC_Handler
                0x08000630        0x2 build/stm32f4xx_it.o
                0x08000630                SVC_Handler
 .text.DebugMon_Handler
                0x08000632        0x2 build/stm32f4xx_it.o
                0x08000632                DebugMon_Handler
 .text.PendSV_Handler
                0x08000634        0x2 build/stm32f4xx_it.o
                0x08000634                PendSV_Handler
 .text.SysTick_Handler
                0x08000636        0x8 build/stm32f4xx_it.o
                0x08000636                SysTick_Handler
 *fill*         0x0800063e        0x2 
 .text.HAL_MspInit
                0x08000640       0x38 build/stm32f4xx_hal_msp.o
                0x08000640                HAL_MspInit
 .text.HAL_RCC_OscConfig
                0x08000678      0x3ec build/stm32f4xx_hal_rcc.o
                0x08000678                HAL_RCC_OscConfig
 .text.HAL_RCC_EnableCSS
                0x08000a64        0xc build/stm32f4xx_hal_rcc.o
                0x08000a64                HAL_RCC_EnableCSS
 .text.HAL_RCC_GetSysClockFreq
                0x08000a70       0xa0 build/stm32f4xx_hal_rcc.o
                0x08000a70                HAL_RCC_GetSysClockFreq
 .text.HAL_RCC_ClockConfig
                0x08000b10      0x160 build/stm32f4xx_hal_rcc.o
                0x08000b10                HAL_RCC_ClockConfig
 .text.HAL_RCC_CSSCallback
                0x08000c70        0x2 build/stm32f4xx_hal_rcc.o
                0x08000c70                HAL_RCC_CSSCallback
 *fill*         0x08000c72        0x2 
 .text.HAL_RCC_NMI_IRQHandler
                0x08000c74       0x24 build/stm32f4xx_hal_rcc.o
                0x08000c74                HAL_RCC_NMI_IRQHandler
 .text.HAL_GPIO_Init
                0x08000c98      0x1cc build/stm32f4xx_hal_gpio.o
                0x08000c98                HAL_GPIO_Init
 .text.HAL_GPIO_WritePin
                0x08000e64        0xc build/stm32f4xx_hal_gpio.o
                0x08000e64                HAL_GPIO_WritePin
 .text.HAL_GPIO_TogglePin
                0x08000e70       0x12 build/stm32f4xx_hal_gpio.o
                0x08000e70                HAL_GPIO_TogglePin
 *fill*         0x08000e82        0x2 
 .text.HAL_NVIC_SetPriorityGrouping
                0x08000e84       0x24 build/stm32f4xx_hal_cortex.o
                0x08000e84                HAL_NVIC_SetPriorityGrouping
 .text.HAL_NVIC_SetPriority
                0x08000ea8       0x68 build/stm32f4xx_hal_cortex.o
                0x08000ea8                HAL_NVIC_SetPriority
 .text.HAL_SYSTICK_Config
                0x08000f10       0x2c build/stm32f4xx_hal_cortex.o
                0x08000f10                HAL_SYSTICK_Config
 .text.HAL_InitTick
                0x08000f3c       0x4c build/stm32f4xx_hal.o
                0x08000f3c                HAL_InitTick
 .text.HAL_Init
                0x08000f88       0x34 build/stm32f4xx_hal.o
                0x08000f88                HAL_Init
 .text.HAL_IncTick
                0x08000fbc       0x18 build/stm32f4xx_hal.o
                0x08000fbc                HAL_IncTick
 .text.HAL_GetTick
                0x08000fd4        0xc build/stm32f4xx_hal.o
                0x08000fd4                HAL_GetTick
 .text.HAL_Delay
                0x08000fe0       0x28 build/stm32f4xx_hal.o
                0x08000fe0                HAL_Delay
 .text.SystemInit
                0x08001008       0x1c build/system_stm32f4xx.o
                0x08001008                SystemInit
 .text.Reset_Handler
                0x08001024       0x50 build/startup_stm32f407xx.o
                0x08001024                Reset_Handler
 .text.Default_Handler
                0x08001074        0x2 build/startup_stm32f407xx.o
                0x08001074                RTC_Alarm_IRQHandler
                0x08001074                HASH_RNG_IRQHandler
                0x08001074                EXTI2_IRQHandler
                0x08001074                TIM8_CC_IRQHandler
                0x08001074                TIM1_CC_IRQHandler
                0x08001074                DMA2_Stream5_IRQHandler
                0x08001074                DMA1_Stream5_IRQHandler
                0x08001074                PVD_IRQHandler
                0x08001074                SDIO_IRQHandler
                0x08001074                TAMP_STAMP_IRQHandler
                0x08001074                CAN2_RX1_IRQHandler
                0x08001074                EXTI3_IRQHandler
                0x08001074                TIM8_TRG_COM_TIM14_IRQHandler
                0x08001074                TIM1_UP_TIM10_IRQHandler
                0x08001074                TIM8_UP_TIM13_IRQHandler
                0x08001074                I2C3_ER_IRQHandler
                0x08001074                EXTI0_IRQHandler
                0x08001074                I2C2_EV_IRQHandler
                0x08001074                DMA1_Stream2_IRQHandler
                0x08001074                CAN1_RX0_IRQHandler
                0x08001074                FPU_IRQHandler
                0x08001074                OTG_HS_WKUP_IRQHandler
                0x08001074                CAN2_SCE_IRQHandler
                0x08001074                DMA2_Stream2_IRQHandler
                0x08001074                SPI1_IRQHandler
                0x08001074                TIM6_DAC_IRQHandler
                0x08001074                TIM1_BRK_TIM9_IRQHandler
                0x08001074                DCMI_IRQHandler
                0x08001074                CAN2_RX0_IRQHandler
                0x08001074                DMA2_Stream3_IRQHandler
                0x08001074                USART6_IRQHandler
                0x08001074                USART3_IRQHandler
                0x08001074                CAN1_RX1_IRQHandler
                0x08001074                UART5_IRQHandler
                0x08001074                DMA2_Stream0_IRQHandler
                0x08001074                TIM4_IRQHandler
                0x08001074                I2C1_EV_IRQHandler
                0x08001074                DMA1_Stream6_IRQHandler
                0x08001074                DMA1_Stream1_IRQHandler
                0x08001074                UART4_IRQHandler
                0x08001074                TIM3_IRQHandler
                0x08001074                RCC_IRQHandler
                0x08001074                TIM8_BRK_TIM12_IRQHandler
                0x08001074                Default_Handler
                0x08001074                EXTI15_10_IRQHandler
                0x08001074                ADC_IRQHandler
                0x08001074                DMA1_Stream7_IRQHandler
                0x08001074                TIM7_IRQHandler
                0x08001074                CAN2_TX_IRQHandler
                0x08001074                TIM5_IRQHandler
                0x08001074                DMA2_Stream7_IRQHandler
                0x08001074                I2C3_EV_IRQHandler
                0x08001074                EXTI9_5_IRQHandler
                0x08001074                RTC_WKUP_IRQHandler
                0x08001074                ETH_WKUP_IRQHandler
                0x08001074                SPI2_IRQHandler
                0x08001074                OTG_HS_EP1_IN_IRQHandler
                0x08001074                DMA1_Stream0_IRQHandler
                0x08001074                CAN1_TX_IRQHandler
                0x08001074                EXTI4_IRQHandler
                0x08001074                FSMC_IRQHandler
                0x08001074                ETH_IRQHandler
                0x08001074                OTG_HS_EP1_OUT_IRQHandler
                0x08001074                WWDG_IRQHandler
                0x08001074                TIM2_IRQHandler
                0x08001074                OTG_FS_WKUP_IRQHandler
                0x08001074                TIM1_TRG_COM_TIM11_IRQHandler
                0x08001074                OTG_HS_IRQHandler
                0x08001074                EXTI1_IRQHandler
                0x08001074                USART2_IRQHandler
                0x08001074                I2C2_ER_IRQHandler
                0x08001074                DMA2_Stream1_IRQHandler
                0x08001074                CAN1_SCE_IRQHandler
                0x08001074                FLASH_IRQHandler
                0x08001074                DMA2_Stream4_IRQHandler
                0x08001074                USART1_IRQHandler
                0x08001074                OTG_FS_IRQHandler
                0x08001074                SPI3_IRQHandler
                0x08001074                DMA1_Stream4_IRQHandler
                0x08001074                I2C1_ER_IRQHandler
                0x08001074                DMA2_Stream6_IRQHandler
                0x08001074                DMA1_Stream3_IRQHandler
 *fill*         0x08001076        0x2 
 .text.__libc_init_array
                0x08001078       0x48 c:/program files (x86)/gnu tools arm embedded/9 2019-q4-major/bin/../lib/gcc/arm-none-eabi/9.2.1/../../../../arm-none-eabi/lib/thumb/v7e-m+fp/hard\libc_nano.a(lib_a-init.o)
                0x08001078                __libc_init_array
 .text.memset   0x080010c0       0x10 c:/program files (x86)/gnu tools arm embedded/9 2019-q4-major/bin/../lib/gcc/arm-none-eabi/9.2.1/../../../../arm-none-eabi/lib/thumb/v7e-m+fp/hard\libc_nano.a(lib_a-memset.o)
                0x080010c0                memset
 *(.glue_7)
 .glue_7        0x080010d0        0x0 linker stubs
 *(.glue_7t)
 .glue_7t       0x080010d0        0x0 linker stubs
 *(.eh_frame)
 .eh_frame      0x080010d0        0x0 c:/program files (x86)/gnu tools arm embedded/9 2019-q4-major/bin/../lib/gcc/arm-none-eabi/9.2.1/thumb/v7e-m+fp/hard/crtbegin.o
 *(.init)
 .init          0x080010d0        0x4 c:/program files (x86)/gnu tools arm embedded/9 2019-q4-major/bin/../lib/gcc/arm-none-eabi/9.2.1/thumb/v7e-m+fp/hard/crti.o
                0x080010d0                _init
 .init          0x080010d4        0x8 c:/program files (x86)/gnu tools arm embedded/9 2019-q4-major/bin/../lib/gcc/arm-none-eabi/9.2.1/thumb/v7e-m+fp/hard/crtn.o
 *(.fini)
 .fini          0x080010dc        0x4 c:/program files (x86)/gnu tools arm embedded/9 2019-q4-major/bin/../lib/gcc/arm-none-eabi/9.2.1/thumb/v7e-m+fp/hard/crti.o
                0x080010dc                _fini
 .fini          0x080010e0        0x8 c:/program files (x86)/gnu tools arm embedded/9 2019-q4-major/bin/../lib/gcc/arm-none-eabi/9.2.1/thumb/v7e-m+fp/hard/crtn.o
                0x080010e8                . = ALIGN (0x4)
                0x080010e8                _etext = .

.vfp11_veneer   0x080010e8        0x0
 .vfp11_veneer  0x080010e8        0x0 linker stubs

.v4_bx          0x080010e8        0x0
 .v4_bx         0x080010e8        0x0 linker stubs

.iplt           0x080010e8        0x0
 .iplt          0x080010e8        0x0 c:/program files (x86)/gnu tools arm embedded/9 2019-q4-major/bin/../lib/gcc/arm-none-eabi/9.2.1/thumb/v7e-m+fp/hard/crtbegin.o

.rodata         0x080010e8       0x10
                0x080010e8                . = ALIGN (0x4)
 *(.rodata)
 *(.rodata*)
 .rodata.AHBPrescTable
                0x080010e8       0x10 build/system_stm32f4xx.o
                0x080010e8                AHBPrescTable
                0x080010f8                . = ALIGN (0x4)

.ARM.extab
 *(.ARM.extab* .gnu.linkonce.armextab.*)

.ARM            0x080010f8        0x8
                0x080010f8                __exidx_start = .
 *(.ARM.exidx*)
 .ARM.exidx     0x080010f8        0x8 c:/program files (x86)/gnu tools arm embedded/9 2019-q4-major/bin/../lib/gcc/arm-none-eabi/9.2.1/thumb/v7e-m+fp/hard\libgcc.a(_udivmoddi4.o)
                0x08001100                __exidx_end = .

.rel.dyn        0x08001100        0x0
 .rel.iplt      0x08001100        0x0 c:/program files (x86)/gnu tools arm embedded/9 2019-q4-major/bin/../lib/gcc/arm-none-eabi/9.2.1/thumb/v7e-m+fp/hard/crtbegin.o

.preinit_array  0x08001100        0x0
                0x08001100                PROVIDE (__preinit_array_start = .)
 *(.preinit_array*)
                0x08001100                PROVIDE (__preinit_array_end = .)

.init_array     0x08001100        0x4
                0x08001100                PROVIDE (__init_array_start = .)
 *(SORT_BY_NAME(.init_array.*))
 *(.init_array*)
 .init_array    0x08001100        0x4 c:/program files (x86)/gnu tools arm embedded/9 2019-q4-major/bin/../lib/gcc/arm-none-eabi/9.2.1/thumb/v7e-m+fp/hard/crtbegin.o
                0x08001104                PROVIDE (__init_array_end = .)

.fini_array     0x08001104        0x4
                [!provide]                PROVIDE (__fini_array_start = .)
 *(SORT_BY_NAME(.fini_array.*))
 *(.fini_array*)
 .fini_array    0x08001104        0x4 c:/program files (x86)/gnu tools arm embedded/9 2019-q4-major/bin/../lib/gcc/arm-none-eabi/9.2.1/thumb/v7e-m+fp/hard/crtbegin.o
                [!provide]                PROVIDE (__fini_array_end = .)
                0x08001108                _sidata = LOADADDR (.data)

.data           0x20000000        0xc load address 0x08001108
                0x20000000                . = ALIGN (0x4)
                0x20000000                _sdata = .
 *(.data)
 *(.data*)
 .data.uwTickFreq
                0x20000000        0x1 build/stm32f4xx_hal.o
                0x20000000                uwTickFreq
 *fill*         0x20000001        0x3 
 .data.uwTickPrio
                0x20000004        0x4 build/stm32f4xx_hal.o
                0x20000004                uwTickPrio
 .data.SystemCoreClock
                0x20000008        0x4 build/system_stm32f4xx.o
                0x20000008                SystemCoreClock
                0x2000000c                . = ALIGN (0x4)
                0x2000000c                _edata = .
                0x08001114                _siccmram = LOADADDR (.ccmram)

.igot.plt       0x2000000c        0x0 load address 0x08001114
 .igot.plt      0x2000000c        0x0 c:/program files (x86)/gnu tools arm embedded/9 2019-q4-major/bin/../lib/gcc/arm-none-eabi/9.2.1/thumb/v7e-m+fp/hard/crtbegin.o

.ccmram         0x10000000        0x0 load address 0x08001114
                0x10000000                . = ALIGN (0x4)
                0x10000000                _sccmram = .
 *(.ccmram)
 *(.ccmram*)
                0x10000000                . = ALIGN (0x4)
                0x10000000                _eccmram = .
                0x10000000                . = ALIGN (0x4)

.bss            0x2000000c       0x20
                0x2000000c                _sbss = .
                0x2000000c                __bss_start__ = _sbss
 *(.bss)
 .bss           0x2000000c       0x1c c:/program files (x86)/gnu tools arm embedded/9 2019-q4-major/bin/../lib/gcc/arm-none-eabi/9.2.1/thumb/v7e-m+fp/hard/crtbegin.o
 *(.bss*)
 *(COMMON)
 COMMON         0x20000028        0x4 build/stm32f4xx_hal.o
                0x20000028                uwTick
                0x2000002c                . = ALIGN (0x4)
                0x2000002c                _ebss = .
                0x2000002c                __bss_end__ = _ebss

._user_heap_stack
                0x2000002c      0x604
                0x20000030                . = ALIGN (0x8)
 *fill*         0x2000002c        0x4 
                [!provide]                PROVIDE (end = .)
                [!provide]                PROVIDE (_end = .)
                0x20000230                . = (. + _Min_Heap_Size)
 *fill*         0x20000030      0x200 
                0x20000630                . = (. + _Min_Stack_Size)
 *fill*         0x20000230      0x400 
                0x20000630                . = ALIGN (0x8)

/DISCARD/
 libc.a(*)
 libm.a(*)
 libgcc.a(*)

.ARM.attributes
                0x00000000       0x30
 *(.ARM.attributes)
 .ARM.attributes
                0x00000000       0x1e c:/program files (x86)/gnu tools arm embedded/9 2019-q4-major/bin/../lib/gcc/arm-none-eabi/9.2.1/thumb/v7e-m+fp/hard/crti.o
 .ARM.attributes
                0x0000001e       0x34 c:/program files (x86)/gnu tools arm embedded/9 2019-q4-major/bin/../lib/gcc/arm-none-eabi/9.2.1/thumb/v7e-m+fp/hard/crtbegin.o
 .ARM.attributes
                0x00000052       0x34 build/main.o
 .ARM.attributes
                0x00000086       0x34 build/gpio.o
 .ARM.attributes
                0x000000ba       0x34 build/stm32f4xx_it.o
 .ARM.attributes
                0x000000ee       0x34 build/stm32f4xx_hal_msp.o
 .ARM.attributes
                0x00000122       0x34 build/stm32f4xx_hal_rcc.o
 .ARM.attributes
                0x00000156       0x34 build/stm32f4xx_hal_gpio.o
 .ARM.attributes
                0x0000018a       0x34 build/stm32f4xx_hal_cortex.o
 .ARM.attributes
                0x000001be       0x34 build/stm32f4xx_hal.o
 .ARM.attributes
                0x000001f2       0x34 build/system_stm32f4xx.o
 .ARM.attributes
                0x00000226       0x21 build/startup_stm32f407xx.o
 .ARM.attributes
                0x00000247       0x34 c:/program files (x86)/gnu tools arm embedded/9 2019-q4-major/bin/../lib/gcc/arm-none-eabi/9.2.1/../../../../arm-none-eabi/lib/thumb/v7e-m+fp/hard\libc_nano.a(lib_a-init.o)
 .ARM.attributes
                0x0000027b       0x34 c:/program files (x86)/gnu tools arm embedded/9 2019-q4-major/bin/../lib/gcc/arm-none-eabi/9.2.1/../../../../arm-none-eabi/lib/thumb/v7e-m+fp/hard\libc_nano.a(lib_a-memset.o)
 .ARM.attributes
                0x000002af       0x1e c:/program files (x86)/gnu tools arm embedded/9 2019-q4-major/bin/../lib/gcc/arm-none-eabi/9.2.1/thumb/v7e-m+fp/hard\libgcc.a(_aeabi_uldivmod.o)
 .ARM.attributes
                0x000002cd       0x34 c:/program files (x86)/gnu tools arm embedded/9 2019-q4-major/bin/../lib/gcc/arm-none-eabi/9.2.1/thumb/v7e-m+fp/hard\libgcc.a(_udivmoddi4.o)
 .ARM.attributes
                0x00000301       0x1e c:/program files (x86)/gnu tools arm embedded/9 2019-q4-major/bin/../lib/gcc/arm-none-eabi/9.2.1/thumb/v7e-m+fp/hard\libgcc.a(_dvmd_tls.o)
 .ARM.attributes
                0x0000031f       0x1e c:/program files (x86)/gnu tools arm embedded/9 2019-q4-major/bin/../lib/gcc/arm-none-eabi/9.2.1/thumb/v7e-m+fp/hard/crtn.o
OUTPUT(build/NEW_LED.elf elf32-littlearm)

.debug_info     0x00000000     0x4d96
 .debug_info    0x00000000      0x7da build/main.o
 .debug_info    0x000007da      0x5f5 build/gpio.o
 .debug_info    0x00000dcf      0x28f build/stm32f4xx_it.o
 .debug_info    0x0000105e      0x3e5 build/stm32f4xx_hal_msp.o
 .debug_info    0x00001443      0xc44 build/stm32f4xx_hal_rcc.o
 .debug_info    0x00002087      0x915 build/stm32f4xx_hal_gpio.o
 .debug_info    0x0000299c     0x123e build/stm32f4xx_hal_cortex.o
 .debug_info    0x00003bda      0xb5e build/stm32f4xx_hal.o
 .debug_info    0x00004738      0x63c build/system_stm32f4xx.o
 .debug_info    0x00004d74       0x22 build/startup_stm32f407xx.o

.debug_abbrev   0x00000000     0x11cc
 .debug_abbrev  0x00000000      0x1e7 build/main.o
 .debug_abbrev  0x000001e7      0x17e build/gpio.o
 .debug_abbrev  0x00000365      0x106 build/stm32f4xx_it.o
 .debug_abbrev  0x0000046b      0x11c build/stm32f4xx_hal_msp.o
 .debug_abbrev  0x00000587      0x2cd build/stm32f4xx_hal_rcc.o
 .debug_abbrev  0x00000854      0x258 build/stm32f4xx_hal_gpio.o
 .debug_abbrev  0x00000aac      0x3a8 build/stm32f4xx_hal_cortex.o
 .debug_abbrev  0x00000e54      0x21c build/stm32f4xx_hal.o
 .debug_abbrev  0x00001070      0x14a build/system_stm32f4xx.o
 .debug_abbrev  0x000011ba       0x12 build/startup_stm32f407xx.o

.debug_loc      0x00000000     0x18ac
 .debug_loc     0x00000000       0x59 build/main.o
 .debug_loc     0x00000059       0x38 build/gpio.o
 .debug_loc     0x00000091       0x40 build/stm32f4xx_it.o
 .debug_loc     0x000000d1       0x2c build/stm32f4xx_hal_msp.o
 .debug_loc     0x000000fd      0x6c7 build/stm32f4xx_hal_rcc.o
 .debug_loc     0x000007c4      0x5c7 build/stm32f4xx_hal_gpio.o
 .debug_loc     0x00000d8b      0x7d4 build/stm32f4xx_hal_cortex.o
 .debug_loc     0x0000155f      0x1e1 build/stm32f4xx_hal.o
 .debug_loc     0x00001740      0x16c build/system_stm32f4xx.o

.debug_aranges  0x00000000      0x398
 .debug_aranges
                0x00000000       0x30 build/main.o
 .debug_aranges
                0x00000030       0x20 build/gpio.o
 .debug_aranges
                0x00000050       0x60 build/stm32f4xx_it.o
 .debug_aranges
                0x000000b0       0x20 build/stm32f4xx_hal_msp.o
 .debug_aranges
                0x000000d0       0x88 build/stm32f4xx_hal_rcc.o
 .debug_aranges
                0x00000158       0x58 build/stm32f4xx_hal_gpio.o
 .debug_aranges
                0x000001b0       0xa8 build/stm32f4xx_hal_cortex.o
 .debug_aranges
                0x00000258       0xf0 build/stm32f4xx_hal.o
 .debug_aranges
                0x00000348       0x28 build/system_stm32f4xx.o
 .debug_aranges
                0x00000370       0x28 build/startup_stm32f407xx.o

.debug_ranges   0x00000000      0x378
 .debug_ranges  0x00000000       0x20 build/main.o
 .debug_ranges  0x00000020       0x10 build/gpio.o
 .debug_ranges  0x00000030       0x50 build/stm32f4xx_it.o
 .debug_ranges  0x00000080       0x10 build/stm32f4xx_hal_msp.o
 .debug_ranges  0x00000090       0x90 build/stm32f4xx_hal_rcc.o
 .debug_ranges  0x00000120       0x48 build/stm32f4xx_hal_gpio.o
 .debug_ranges  0x00000168       0xf8 build/stm32f4xx_hal_cortex.o
 .debug_ranges  0x00000260       0xe0 build/stm32f4xx_hal.o
 .debug_ranges  0x00000340       0x18 build/system_stm32f4xx.o
 .debug_ranges  0x00000358       0x20 build/startup_stm32f407xx.o

.debug_line     0x00000000     0x2cca
 .debug_line    0x00000000      0x322 build/main.o
 .debug_line    0x00000322      0x23b build/gpio.o
 .debug_line    0x0000055d      0x2bb build/stm32f4xx_it.o
 .debug_line    0x00000818      0x1df build/stm32f4xx_hal_msp.o
 .debug_line    0x000009f7      0xb4a build/stm32f4xx_hal_rcc.o
 .debug_line    0x00001541      0x73f build/stm32f4xx_hal_gpio.o
 .debug_line    0x00001c80      0x7b8 build/stm32f4xx_hal_cortex.o
 .debug_line    0x00002438      0x57b build/stm32f4xx_hal.o
 .debug_line    0x000029b3      0x2a4 build/system_stm32f4xx.o
 .debug_line    0x00002c57       0x73 build/startup_stm32f407xx.o

.debug_str      0x00000000     0x1659
 .debug_str     0x00000000      0x552 build/main.o
                                0x5b4 (size before relaxing)
 .debug_str     0x00000552       0x82 build/gpio.o
                                0x44f (size before relaxing)
 .debug_str     0x000005d4       0xcb build/stm32f4xx_it.o
                                0x33d (size before relaxing)
 .debug_str     0x0000069f       0x29 build/stm32f4xx_hal_msp.o
                                0x39e (size before relaxing)
 .debug_str     0x000006c8      0x1df build/stm32f4xx_hal_rcc.o
                                0x78f (size before relaxing)
 .debug_str     0x000008a7      0x122 build/stm32f4xx_hal_gpio.o
                                0x5b1 (size before relaxing)
 .debug_str     0x000009c9      0xa06 build/stm32f4xx_hal_cortex.o
                                0xceb (size before relaxing)
 .debug_str     0x000013cf      0x21f build/stm32f4xx_hal.o
                                0xbac (size before relaxing)
 .debug_str     0x000015ee       0x47 build/system_stm32f4xx.o
                                0x41a (size before relaxing)
 .debug_str     0x00001635       0x24 build/startup_stm32f407xx.o
                                 0x4d (size before relaxing)

.comment        0x00000000       0x79
 .comment       0x00000000       0x79 build/main.o
                                 0x7a (size before relaxing)
 .comment       0x00000079       0x7a build/gpio.o
 .comment       0x00000079       0x7a build/stm32f4xx_it.o
 .comment       0x00000079       0x7a build/stm32f4xx_hal_msp.o
 .comment       0x00000079       0x7a build/stm32f4xx_hal_rcc.o
 .comment       0x00000079       0x7a build/stm32f4xx_hal_gpio.o
 .comment       0x00000079       0x7a build/stm32f4xx_hal_cortex.o
 .comment       0x00000079       0x7a build/stm32f4xx_hal.o
 .comment       0x00000079       0x7a build/system_stm32f4xx.o

.debug_frame    0x00000000      0x864
 .debug_frame   0x00000000       0x64 build/main.o
 .debug_frame   0x00000064       0x3c build/gpio.o
 .debug_frame   0x000000a0       0xb8 build/stm32f4xx_it.o
 .debug_frame   0x00000158       0x28 build/stm32f4xx_hal_msp.o
 .debug_frame   0x00000180      0x1ac build/stm32f4xx_hal_rcc.o
 .debug_frame   0x0000032c       0xf0 build/stm32f4xx_hal_gpio.o
 .debug_frame   0x0000041c      0x16c build/stm32f4xx_hal_cortex.o
 .debug_frame   0x00000588      0x200 build/stm32f4xx_hal.o
 .debug_frame   0x00000788       0x30 build/system_stm32f4xx.o
 .debug_frame   0x000007b8       0x2c c:/program files (x86)/gnu tools arm embedded/9 2019-q4-major/bin/../lib/gcc/arm-none-eabi/9.2.1/../../../../arm-none-eabi/lib/thumb/v7e-m+fp/hard\libc_nano.a(lib_a-init.o)
 .debug_frame   0x000007e4       0x20 c:/program files (x86)/gnu tools arm embedded/9 2019-q4-major/bin/../lib/gcc/arm-none-eabi/9.2.1/../../../../arm-none-eabi/lib/thumb/v7e-m+fp/hard\libc_nano.a(lib_a-memset.o)
 .debug_frame   0x00000804       0x2c c:/program files (x86)/gnu tools arm embedded/9 2019-q4-major/bin/../lib/gcc/arm-none-eabi/9.2.1/thumb/v7e-m+fp/hard\libgcc.a(_aeabi_uldivmod.o)
 .debug_frame   0x00000830       0x34 c:/program files (x86)/gnu tools arm embedded/9 2019-q4-major/bin/../lib/gcc/arm-none-eabi/9.2.1/thumb/v7e-m+fp/hard\libgcc.a(_udivmoddi4.o)

Cross Reference Table

Symbol                                            File
ADC_IRQHandler                                    build/startup_stm32f407xx.o
AHBPrescTable                                     build/system_stm32f4xx.o
                                                  build/stm32f4xx_hal_rcc.o
APBPrescTable                                     build/system_stm32f4xx.o
                                                  build/stm32f4xx_hal_rcc.o
BusFault_Handler                                  build/stm32f4xx_it.o
CAN1_RX0_IRQHandler                               build/startup_stm32f407xx.o
CAN1_RX1_IRQHandler                               build/startup_stm32f407xx.o
CAN1_SCE_IRQHandler                               build/startup_stm32f407xx.o
CAN1_TX_IRQHandler                                build/startup_stm32f407xx.o
CAN2_RX0_IRQHandler                               build/startup_stm32f407xx.o
CAN2_RX1_IRQHandler                               build/startup_stm32f407xx.o
CAN2_SCE_IRQHandler                               build/startup_stm32f407xx.o
CAN2_TX_IRQHandler                                build/startup_stm32f407xx.o
DCMI_IRQHandler                                   build/startup_stm32f407xx.o
DMA1_Stream0_IRQHandler                           build/startup_stm32f407xx.o
DMA1_Stream1_IRQHandler                           build/startup_stm32f407xx.o
DMA1_Stream2_IRQHandler                           build/startup_stm32f407xx.o
DMA1_Stream3_IRQHandler                           build/startup_stm32f407xx.o
DMA1_Stream4_IRQHandler                           build/startup_stm32f407xx.o
DMA1_Stream5_IRQHandler                           build/startup_stm32f407xx.o
DMA1_Stream6_IRQHandler                           build/startup_stm32f407xx.o
DMA1_Stream7_IRQHandler                           build/startup_stm32f407xx.o
DMA2_Stream0_IRQHandler                           build/startup_stm32f407xx.o
DMA2_Stream1_IRQHandler                           build/startup_stm32f407xx.o
DMA2_Stream2_IRQHandler                           build/startup_stm32f407xx.o
DMA2_Stream3_IRQHandler                           build/startup_stm32f407xx.o
DMA2_Stream4_IRQHandler                           build/startup_stm32f407xx.o
DMA2_Stream5_IRQHandler                           build/startup_stm32f407xx.o
DMA2_Stream6_IRQHandler                           build/startup_stm32f407xx.o
DMA2_Stream7_IRQHandler                           build/startup_stm32f407xx.o
DebugMon_Handler                                  build/stm32f4xx_it.o
Default_Handler                                   build/startup_stm32f407xx.o
ETH_IRQHandler                                    build/startup_stm32f407xx.o
ETH_WKUP_IRQHandler                               build/startup_stm32f407xx.o
EXTI0_IRQHandler                                  build/startup_stm32f407xx.o
EXTI15_10_IRQHandler                              build/startup_stm32f407xx.o
EXTI1_IRQHandler                                  build/startup_stm32f407xx.o
EXTI2_IRQHandler                                  build/startup_stm32f407xx.o
EXTI3_IRQHandler                                  build/startup_stm32f407xx.o
EXTI4_IRQHandler                                  build/startup_stm32f407xx.o
EXTI9_5_IRQHandler                                build/startup_stm32f407xx.o
Error_Handler                                     build/main.o
FLASH_Erase_Sector                                build/stm32f4xx_hal_flash_ex.o
                                                  build/stm32f4xx_hal_flash.o
FLASH_FlushCaches                                 build/stm32f4xx_hal_flash_ex.o
                                                  build/stm32f4xx_hal_flash.o
FLASH_IRQHandler                                  build/startup_stm32f407xx.o
FLASH_WaitForLastOperation                        build/stm32f4xx_hal_flash.o
                                                  build/stm32f4xx_hal_flash_ex.o
FPU_IRQHandler                                    build/startup_stm32f407xx.o
FSMC_IRQHandler                                   build/startup_stm32f407xx.o
HAL_DBGMCU_DisableDBGSleepMode                    build/stm32f4xx_hal.o
HAL_DBGMCU_DisableDBGStandbyMode                  build/stm32f4xx_hal.o
HAL_DBGMCU_DisableDBGStopMode                     build/stm32f4xx_hal.o
HAL_DBGMCU_EnableDBGSleepMode                     build/stm32f4xx_hal.o
HAL_DBGMCU_EnableDBGStandbyMode                   build/stm32f4xx_hal.o
HAL_DBGMCU_EnableDBGStopMode                      build/stm32f4xx_hal.o
HAL_DMAEx_ChangeMemory                            build/stm32f4xx_hal_dma_ex.o
HAL_DMAEx_MultiBufferStart                        build/stm32f4xx_hal_dma_ex.o
HAL_DMAEx_MultiBufferStart_IT                     build/stm32f4xx_hal_dma_ex.o
HAL_DMA_Abort                                     build/stm32f4xx_hal_dma.o
HAL_DMA_Abort_IT                                  build/stm32f4xx_hal_dma.o
HAL_DMA_DeInit                                    build/stm32f4xx_hal_dma.o
HAL_DMA_GetError                                  build/stm32f4xx_hal_dma.o
HAL_DMA_GetState                                  build/stm32f4xx_hal_dma.o
HAL_DMA_IRQHandler                                build/stm32f4xx_hal_dma.o
HAL_DMA_Init                                      build/stm32f4xx_hal_dma.o
HAL_DMA_PollForTransfer                           build/stm32f4xx_hal_dma.o
HAL_DMA_RegisterCallback                          build/stm32f4xx_hal_dma.o
HAL_DMA_Start                                     build/stm32f4xx_hal_dma.o
HAL_DMA_Start_IT                                  build/stm32f4xx_hal_dma.o
HAL_DMA_UnRegisterCallback                        build/stm32f4xx_hal_dma.o
HAL_DeInit                                        build/stm32f4xx_hal.o
HAL_Delay                                         build/stm32f4xx_hal.o
                                                  build/main.o
HAL_DisableCompensationCell                       build/stm32f4xx_hal.o
HAL_EXTI_ClearConfigLine                          build/stm32f4xx_hal_exti.o
HAL_EXTI_ClearPending                             build/stm32f4xx_hal_exti.o
HAL_EXTI_GenerateSWI                              build/stm32f4xx_hal_exti.o
HAL_EXTI_GetConfigLine                            build/stm32f4xx_hal_exti.o
HAL_EXTI_GetHandle                                build/stm32f4xx_hal_exti.o
HAL_EXTI_GetPending                               build/stm32f4xx_hal_exti.o
HAL_EXTI_IRQHandler                               build/stm32f4xx_hal_exti.o
HAL_EXTI_RegisterCallback                         build/stm32f4xx_hal_exti.o
HAL_EXTI_SetConfigLine                            build/stm32f4xx_hal_exti.o
HAL_EnableCompensationCell                        build/stm32f4xx_hal.o
HAL_FLASHEx_Erase                                 build/stm32f4xx_hal_flash_ex.o
HAL_FLASHEx_Erase_IT                              build/stm32f4xx_hal_flash_ex.o
HAL_FLASHEx_OBGetConfig                           build/stm32f4xx_hal_flash_ex.o
HAL_FLASHEx_OBProgram                             build/stm32f4xx_hal_flash_ex.o
HAL_FLASH_EndOfOperationCallback                  build/stm32f4xx_hal_flash.o
HAL_FLASH_GetError                                build/stm32f4xx_hal_flash.o
HAL_FLASH_IRQHandler                              build/stm32f4xx_hal_flash.o
HAL_FLASH_Lock                                    build/stm32f4xx_hal_flash.o
HAL_FLASH_OB_Launch                               build/stm32f4xx_hal_flash.o
HAL_FLASH_OB_Lock                                 build/stm32f4xx_hal_flash.o
HAL_FLASH_OB_Unlock                               build/stm32f4xx_hal_flash.o
HAL_FLASH_OperationErrorCallback                  build/stm32f4xx_hal_flash.o
HAL_FLASH_Program                                 build/stm32f4xx_hal_flash.o
HAL_FLASH_Program_IT                              build/stm32f4xx_hal_flash.o
HAL_FLASH_Unlock                                  build/stm32f4xx_hal_flash.o
HAL_GPIO_DeInit                                   build/stm32f4xx_hal_gpio.o
HAL_GPIO_EXTI_Callback                            build/stm32f4xx_hal_gpio.o
HAL_GPIO_EXTI_IRQHandler                          build/stm32f4xx_hal_gpio.o
HAL_GPIO_Init                                     build/stm32f4xx_hal_gpio.o
                                                  build/stm32f4xx_hal_rcc.o
                                                  build/gpio.o
HAL_GPIO_LockPin                                  build/stm32f4xx_hal_gpio.o
HAL_GPIO_ReadPin                                  build/stm32f4xx_hal_gpio.o
HAL_GPIO_TogglePin                                build/stm32f4xx_hal_gpio.o
                                                  build/main.o
HAL_GPIO_WritePin                                 build/stm32f4xx_hal_gpio.o
                                                  build/gpio.o
HAL_GetDEVID                                      build/stm32f4xx_hal.o
HAL_GetHalVersion                                 build/stm32f4xx_hal.o
HAL_GetREVID                                      build/stm32f4xx_hal.o
HAL_GetTick                                       build/stm32f4xx_hal.o
                                                  build/stm32f4xx_hal_pwr_ex.o
                                                  build/stm32f4xx_hal_dma.o
                                                  build/stm32f4xx_hal_flash.o
                                                  build/stm32f4xx_hal_rcc_ex.o
                                                  build/stm32f4xx_hal_rcc.o
HAL_GetTickFreq                                   build/stm32f4xx_hal.o
HAL_GetTickPrio                                   build/stm32f4xx_hal.o
HAL_GetUIDw0                                      build/stm32f4xx_hal.o
HAL_GetUIDw1                                      build/stm32f4xx_hal.o
HAL_GetUIDw2                                      build/stm32f4xx_hal.o
HAL_IncTick                                       build/stm32f4xx_hal.o
                                                  build/stm32f4xx_it.o
HAL_Init                                          build/stm32f4xx_hal.o
                                                  build/main.o
HAL_InitTick                                      build/stm32f4xx_hal.o
                                                  build/stm32f4xx_hal_rcc_ex.o
                                                  build/stm32f4xx_hal_rcc.o
HAL_MPU_ConfigRegion                              build/stm32f4xx_hal_cortex.o
HAL_MPU_Disable                                   build/stm32f4xx_hal_cortex.o
HAL_MPU_Enable                                    build/stm32f4xx_hal_cortex.o
HAL_MspDeInit                                     build/stm32f4xx_hal.o
HAL_MspInit                                       build/stm32f4xx_hal_msp.o
HAL_NVIC_ClearPendingIRQ                          build/stm32f4xx_hal_cortex.o
HAL_NVIC_DisableIRQ                               build/stm32f4xx_hal_cortex.o
HAL_NVIC_EnableIRQ                                build/stm32f4xx_hal_cortex.o
HAL_NVIC_GetActive                                build/stm32f4xx_hal_cortex.o
HAL_NVIC_GetPendingIRQ                            build/stm32f4xx_hal_cortex.o
HAL_NVIC_GetPriority                              build/stm32f4xx_hal_cortex.o
HAL_NVIC_GetPriorityGrouping                      build/stm32f4xx_hal_cortex.o
HAL_NVIC_SetPendingIRQ                            build/stm32f4xx_hal_cortex.o
HAL_NVIC_SetPriority                              build/stm32f4xx_hal_cortex.o
                                                  build/stm32f4xx_hal.o
HAL_NVIC_SetPriorityGrouping                      build/stm32f4xx_hal_cortex.o
                                                  build/stm32f4xx_hal.o
HAL_NVIC_SystemReset                              build/stm32f4xx_hal_cortex.o
HAL_PWREx_ControlVoltageScaling                   build/stm32f4xx_hal_pwr_ex.o
HAL_PWREx_DisableBkUpReg                          build/stm32f4xx_hal_pwr_ex.o
HAL_PWREx_DisableFlashPowerDown                   build/stm32f4xx_hal_pwr_ex.o
HAL_PWREx_EnableBkUpReg                           build/stm32f4xx_hal_pwr_ex.o
HAL_PWREx_EnableFlashPowerDown                    build/stm32f4xx_hal_pwr_ex.o
HAL_PWREx_GetVoltageRange                         build/stm32f4xx_hal_pwr_ex.o
HAL_PWR_ConfigPVD                                 build/stm32f4xx_hal_pwr.o
HAL_PWR_DeInit                                    build/stm32f4xx_hal_pwr.o
HAL_PWR_DisableBkUpAccess                         build/stm32f4xx_hal_pwr.o
HAL_PWR_DisablePVD                                build/stm32f4xx_hal_pwr.o
HAL_PWR_DisableSEVOnPend                          build/stm32f4xx_hal_pwr.o
HAL_PWR_DisableSleepOnExit                        build/stm32f4xx_hal_pwr.o
HAL_PWR_DisableWakeUpPin                          build/stm32f4xx_hal_pwr.o
HAL_PWR_EnableBkUpAccess                          build/stm32f4xx_hal_pwr.o
HAL_PWR_EnablePVD                                 build/stm32f4xx_hal_pwr.o
HAL_PWR_EnableSEVOnPend                           build/stm32f4xx_hal_pwr.o
HAL_PWR_EnableSleepOnExit                         build/stm32f4xx_hal_pwr.o
HAL_PWR_EnableWakeUpPin                           build/stm32f4xx_hal_pwr.o
HAL_PWR_EnterSLEEPMode                            build/stm32f4xx_hal_pwr.o
HAL_PWR_EnterSTANDBYMode                          build/stm32f4xx_hal_pwr.o
HAL_PWR_EnterSTOPMode                             build/stm32f4xx_hal_pwr.o
HAL_PWR_PVDCallback                               build/stm32f4xx_hal_pwr.o
HAL_PWR_PVD_IRQHandler                            build/stm32f4xx_hal_pwr.o
HAL_RCCEx_DisablePLLI2S                           build/stm32f4xx_hal_rcc_ex.o
HAL_RCCEx_EnablePLLI2S                            build/stm32f4xx_hal_rcc_ex.o
HAL_RCCEx_GetPeriphCLKConfig                      build/stm32f4xx_hal_rcc_ex.o
HAL_RCCEx_GetPeriphCLKFreq                        build/stm32f4xx_hal_rcc_ex.o
HAL_RCCEx_PeriphCLKConfig                         build/stm32f4xx_hal_rcc_ex.o
HAL_RCC_CSSCallback                               build/stm32f4xx_hal_rcc.o
HAL_RCC_ClockConfig                               build/stm32f4xx_hal_rcc.o
                                                  build/main.o
HAL_RCC_DeInit                                    build/stm32f4xx_hal_rcc_ex.o
                                                  build/stm32f4xx_hal_rcc.o
HAL_RCC_DisableCSS                                build/stm32f4xx_hal_rcc.o
HAL_RCC_EnableCSS                                 build/stm32f4xx_hal_rcc.o
                                                  build/main.o
HAL_RCC_GetClockConfig                            build/stm32f4xx_hal_rcc.o
HAL_RCC_GetHCLKFreq                               build/stm32f4xx_hal_rcc.o
HAL_RCC_GetOscConfig                              build/stm32f4xx_hal_rcc.o
HAL_RCC_GetPCLK1Freq                              build/stm32f4xx_hal_rcc.o
HAL_RCC_GetPCLK2Freq                              build/stm32f4xx_hal_rcc.o
HAL_RCC_GetSysClockFreq                           build/stm32f4xx_hal_rcc.o
HAL_RCC_MCOConfig                                 build/stm32f4xx_hal_rcc.o
HAL_RCC_NMI_IRQHandler                            build/stm32f4xx_hal_rcc.o
                                                  build/stm32f4xx_it.o
HAL_RCC_OscConfig                                 build/stm32f4xx_hal_rcc.o
                                                  build/main.o
HAL_ResumeTick                                    build/stm32f4xx_hal.o
HAL_SYSTICK_CLKSourceConfig                       build/stm32f4xx_hal_cortex.o
HAL_SYSTICK_Callback                              build/stm32f4xx_hal_cortex.o
HAL_SYSTICK_Config                                build/stm32f4xx_hal_cortex.o
                                                  build/stm32f4xx_hal.o
HAL_SYSTICK_IRQHandler                            build/stm32f4xx_hal_cortex.o
HAL_SetTickFreq                                   build/stm32f4xx_hal.o
HAL_SuspendTick                                   build/stm32f4xx_hal.o
HASH_RNG_IRQHandler                               build/startup_stm32f407xx.o
HardFault_Handler                                 build/stm32f4xx_it.o
I2C1_ER_IRQHandler                                build/startup_stm32f407xx.o
I2C1_EV_IRQHandler                                build/startup_stm32f407xx.o
I2C2_ER_IRQHandler                                build/startup_stm32f407xx.o
I2C2_EV_IRQHandler                                build/startup_stm32f407xx.o
I2C3_ER_IRQHandler                                build/startup_stm32f407xx.o
I2C3_EV_IRQHandler                                build/startup_stm32f407xx.o
MX_GPIO_Init                                      build/gpio.o
                                                  build/main.o
MemManage_Handler                                 build/stm32f4xx_it.o
NMI_Handler                                       build/stm32f4xx_it.o
OTG_FS_IRQHandler                                 build/startup_stm32f407xx.o
OTG_FS_WKUP_IRQHandler                            build/startup_stm32f407xx.o
OTG_HS_EP1_IN_IRQHandler                          build/startup_stm32f407xx.o
OTG_HS_EP1_OUT_IRQHandler                         build/startup_stm32f407xx.o
OTG_HS_IRQHandler                                 build/startup_stm32f407xx.o
OTG_HS_WKUP_IRQHandler                            build/startup_stm32f407xx.o
PVD_IRQHandler                                    build/startup_stm32f407xx.o
PendSV_Handler                                    build/stm32f4xx_it.o
RCC_IRQHandler                                    build/startup_stm32f407xx.o
RTC_Alarm_IRQHandler                              build/startup_stm32f407xx.o
RTC_WKUP_IRQHandler                               build/startup_stm32f407xx.o
Reset_Handler                                     build/startup_stm32f407xx.o
SDIO_IRQHandler                                   build/startup_stm32f407xx.o
SPI1_IRQHandler                                   build/startup_stm32f407xx.o
SPI2_IRQHandler                                   build/startup_stm32f407xx.o
SPI3_IRQHandler                                   build/startup_stm32f407xx.o
SVC_Handler                                       build/stm32f4xx_it.o
SysTick_Handler                                   build/stm32f4xx_it.o
SystemClock_Config                                build/main.o
SystemCoreClock                                   build/system_stm32f4xx.o
                                                  build/stm32f4xx_hal.o
                                                  build/stm32f4xx_hal_dma.o
                                                  build/stm32f4xx_hal_rcc_ex.o
                                                  build/stm32f4xx_hal_rcc.o
SystemCoreClockUpdate                             build/system_stm32f4xx.o
SystemInit                                        build/system_stm32f4xx.o
                                                  build/startup_stm32f407xx.o
TAMP_STAMP_IRQHandler                             build/startup_stm32f407xx.o
TIM1_BRK_TIM9_IRQHandler                          build/startup_stm32f407xx.o
TIM1_CC_IRQHandler                                build/startup_stm32f407xx.o
TIM1_TRG_COM_TIM11_IRQHandler                     build/startup_stm32f407xx.o
TIM1_UP_TIM10_IRQHandler                          build/startup_stm32f407xx.o
TIM2_IRQHandler                                   build/startup_stm32f407xx.o
TIM3_IRQHandler                                   build/startup_stm32f407xx.o
TIM4_IRQHandler                                   build/startup_stm32f407xx.o
TIM5_IRQHandler                                   build/startup_stm32f407xx.o
TIM6_DAC_IRQHandler                               build/startup_stm32f407xx.o
TIM7_IRQHandler                                   build/startup_stm32f407xx.o
TIM8_BRK_TIM12_IRQHandler                         build/startup_stm32f407xx.o
TIM8_CC_IRQHandler                                build/startup_stm32f407xx.o
TIM8_TRG_COM_TIM14_IRQHandler                     build/startup_stm32f407xx.o
TIM8_UP_TIM13_IRQHandler                          build/startup_stm32f407xx.o
UART4_IRQHandler                                  build/startup_stm32f407xx.o
UART5_IRQHandler                                  build/startup_stm32f407xx.o
USART1_IRQHandler                                 build/startup_stm32f407xx.o
USART2_IRQHandler                                 build/startup_stm32f407xx.o
USART3_IRQHandler                                 build/startup_stm32f407xx.o
USART6_IRQHandler                                 build/startup_stm32f407xx.o
UsageFault_Handler                                build/stm32f4xx_it.o
WWDG_IRQHandler                                   build/startup_stm32f407xx.o
__aeabi_idiv0                                     c:/program files (x86)/gnu tools arm embedded/9 2019-q4-major/bin/../lib/gcc/arm-none-eabi/9.2.1/thumb/v7e-m+fp/hard\libgcc.a(_dvmd_tls.o)
__aeabi_ldiv0                                     c:/program files (x86)/gnu tools arm embedded/9 2019-q4-major/bin/../lib/gcc/arm-none-eabi/9.2.1/thumb/v7e-m+fp/hard\libgcc.a(_dvmd_tls.o)
                                                  c:/program files (x86)/gnu tools arm embedded/9 2019-q4-major/bin/../lib/gcc/arm-none-eabi/9.2.1/thumb/v7e-m+fp/hard\libgcc.a(_aeabi_uldivmod.o)
__aeabi_uldivmod                                  c:/program files (x86)/gnu tools arm embedded/9 2019-q4-major/bin/../lib/gcc/arm-none-eabi/9.2.1/thumb/v7e-m+fp/hard\libgcc.a(_aeabi_uldivmod.o)
                                                  build/stm32f4xx_hal_rcc.o
__bss_end__                                       c:/program files (x86)/gnu tools arm embedded/9 2019-q4-major/bin/../lib/gcc/arm-none-eabi/9.2.1/../../../../arm-none-eabi/lib/thumb/v7e-m+fp/hard/crt0.o
__bss_start__                                     c:/program files (x86)/gnu tools arm embedded/9 2019-q4-major/bin/../lib/gcc/arm-none-eabi/9.2.1/../../../../arm-none-eabi/lib/thumb/v7e-m+fp/hard/crt0.o
__call_exitprocs                                  c:/program files (x86)/gnu tools arm embedded/9 2019-q4-major/bin/../lib/gcc/arm-none-eabi/9.2.1/../../../../arm-none-eabi/lib/thumb/v7e-m+fp/hard\libc_nano.a(lib_a-exit.o)
__deregister_frame_info                           c:/program files (x86)/gnu tools arm embedded/9 2019-q4-major/bin/../lib/gcc/arm-none-eabi/9.2.1/thumb/v7e-m+fp/hard/crtbegin.o
__dso_handle                                      c:/program files (x86)/gnu tools arm embedded/9 2019-q4-major/bin/../lib/gcc/arm-none-eabi/9.2.1/thumb/v7e-m+fp/hard/crtbegin.o
__init_array_end                                  c:/program files (x86)/gnu tools arm embedded/9 2019-q4-major/bin/../lib/gcc/arm-none-eabi/9.2.1/../../../../arm-none-eabi/lib/thumb/v7e-m+fp/hard\libc_nano.a(lib_a-init.o)
__init_array_start                                c:/program files (x86)/gnu tools arm embedded/9 2019-q4-major/bin/../lib/gcc/arm-none-eabi/9.2.1/../../../../arm-none-eabi/lib/thumb/v7e-m+fp/hard\libc_nano.a(lib_a-init.o)
__libc_fini_array                                 c:/program files (x86)/gnu tools arm embedded/9 2019-q4-major/bin/../lib/gcc/arm-none-eabi/9.2.1/../../../../arm-none-eabi/lib/thumb/v7e-m+fp/hard/crt0.o
__libc_init_array                                 c:/program files (x86)/gnu tools arm embedded/9 2019-q4-major/bin/../lib/gcc/arm-none-eabi/9.2.1/../../../../arm-none-eabi/lib/thumb/v7e-m+fp/hard\libc_nano.a(lib_a-init.o)
                                                  build/startup_stm32f407xx.o
                                                  c:/program files (x86)/gnu tools arm embedded/9 2019-q4-major/bin/../lib/gcc/arm-none-eabi/9.2.1/../../../../arm-none-eabi/lib/thumb/v7e-m+fp/hard/crt0.o
__preinit_array_end                               c:/program files (x86)/gnu tools arm embedded/9 2019-q4-major/bin/../lib/gcc/arm-none-eabi/9.2.1/../../../../arm-none-eabi/lib/thumb/v7e-m+fp/hard\libc_nano.a(lib_a-init.o)
__preinit_array_start                             c:/program files (x86)/gnu tools arm embedded/9 2019-q4-major/bin/../lib/gcc/arm-none-eabi/9.2.1/../../../../arm-none-eabi/lib/thumb/v7e-m+fp/hard\libc_nano.a(lib_a-init.o)
__register_frame_info                             c:/program files (x86)/gnu tools arm embedded/9 2019-q4-major/bin/../lib/gcc/arm-none-eabi/9.2.1/thumb/v7e-m+fp/hard/crtbegin.o
__sf_fake_stderr                                  c:/program files (x86)/gnu tools arm embedded/9 2019-q4-major/bin/../lib/gcc/arm-none-eabi/9.2.1/../../../../arm-none-eabi/lib/thumb/v7e-m+fp/hard\libc_nano.a(lib_a-impure.o)
__sf_fake_stdin                                   c:/program files (x86)/gnu tools arm embedded/9 2019-q4-major/bin/../lib/gcc/arm-none-eabi/9.2.1/../../../../arm-none-eabi/lib/thumb/v7e-m+fp/hard\libc_nano.a(lib_a-impure.o)
__sf_fake_stdout                                  c:/program files (x86)/gnu tools arm embedded/9 2019-q4-major/bin/../lib/gcc/arm-none-eabi/9.2.1/../../../../arm-none-eabi/lib/thumb/v7e-m+fp/hard\libc_nano.a(lib_a-impure.o)
__stack                                           c:/program files (x86)/gnu tools arm embedded/9 2019-q4-major/bin/../lib/gcc/arm-none-eabi/9.2.1/../../../../arm-none-eabi/lib/thumb/v7e-m+fp/hard/crt0.o
__udivmoddi4                                      c:/program files (x86)/gnu tools arm embedded/9 2019-q4-major/bin/../lib/gcc/arm-none-eabi/9.2.1/thumb/v7e-m+fp/hard\libgcc.a(_udivmoddi4.o)
                                                  c:/program files (x86)/gnu tools arm embedded/9 2019-q4-major/bin/../lib/gcc/arm-none-eabi/9.2.1/thumb/v7e-m+fp/hard\libgcc.a(_aeabi_uldivmod.o)
_ebss                                             build/startup_stm32f407xx.o
_edata                                            build/startup_stm32f407xx.o
_estack                                           build/startup_stm32f407xx.o
_exit                                             c:/program files (x86)/gnu tools arm embedded/9 2019-q4-major/bin/../lib/gcc/arm-none-eabi/9.2.1/../../../../arm-none-eabi/lib/thumb/v7e-m+fp/hard\libnosys.a(_exit.o)
                                                  c:/program files (x86)/gnu tools arm embedded/9 2019-q4-major/bin/../lib/gcc/arm-none-eabi/9.2.1/../../../../arm-none-eabi/lib/thumb/v7e-m+fp/hard\libc_nano.a(lib_a-exit.o)
_fini                                             c:/program files (x86)/gnu tools arm embedded/9 2019-q4-major/bin/../lib/gcc/arm-none-eabi/9.2.1/thumb/v7e-m+fp/hard/crti.o
_global_impure_ptr                                c:/program files (x86)/gnu tools arm embedded/9 2019-q4-major/bin/../lib/gcc/arm-none-eabi/9.2.1/../../../../arm-none-eabi/lib/thumb/v7e-m+fp/hard\libc_nano.a(lib_a-impure.o)
                                                  c:/program files (x86)/gnu tools arm embedded/9 2019-q4-major/bin/../lib/gcc/arm-none-eabi/9.2.1/../../../../arm-none-eabi/lib/thumb/v7e-m+fp/hard\libc_nano.a(lib_a-exit.o)
_impure_ptr                                       c:/program files (x86)/gnu tools arm embedded/9 2019-q4-major/bin/../lib/gcc/arm-none-eabi/9.2.1/../../../../arm-none-eabi/lib/thumb/v7e-m+fp/hard\libc_nano.a(lib_a-impure.o)
_init                                             c:/program files (x86)/gnu tools arm embedded/9 2019-q4-major/bin/../lib/gcc/arm-none-eabi/9.2.1/thumb/v7e-m+fp/hard/crti.o
                                                  c:/program files (x86)/gnu tools arm embedded/9 2019-q4-major/bin/../lib/gcc/arm-none-eabi/9.2.1/../../../../arm-none-eabi/lib/thumb/v7e-m+fp/hard\libc_nano.a(lib_a-init.o)
_mainCRTStartup                                   c:/program files (x86)/gnu tools arm embedded/9 2019-q4-major/bin/../lib/gcc/arm-none-eabi/9.2.1/../../../../arm-none-eabi/lib/thumb/v7e-m+fp/hard/crt0.o
_sbss                                             build/startup_stm32f407xx.o
_sdata                                            build/startup_stm32f407xx.o
_sidata                                           build/startup_stm32f407xx.o
_start                                            c:/program files (x86)/gnu tools arm embedded/9 2019-q4-major/bin/../lib/gcc/arm-none-eabi/9.2.1/../../../../arm-none-eabi/lib/thumb/v7e-m+fp/hard/crt0.o
atexit                                            c:/program files (x86)/gnu tools arm embedded/9 2019-q4-major/bin/../lib/gcc/arm-none-eabi/9.2.1/../../../../arm-none-eabi/lib/thumb/v7e-m+fp/hard/crt0.o
exit                                              c:/program files (x86)/gnu tools arm embedded/9 2019-q4-major/bin/../lib/gcc/arm-none-eabi/9.2.1/../../../../arm-none-eabi/lib/thumb/v7e-m+fp/hard\libc_nano.a(lib_a-exit.o)
                                                  c:/program files (x86)/gnu tools arm embedded/9 2019-q4-major/bin/../lib/gcc/arm-none-eabi/9.2.1/../../../../arm-none-eabi/lib/thumb/v7e-m+fp/hard/crt0.o
g_pfnVectors                                      build/startup_stm32f407xx.o
hardware_init_hook                                c:/program files (x86)/gnu tools arm embedded/9 2019-q4-major/bin/../lib/gcc/arm-none-eabi/9.2.1/../../../../arm-none-eabi/lib/thumb/v7e-m+fp/hard/crt0.o
main                                              build/main.o
                                                  build/startup_stm32f407xx.o
                                                  c:/program files (x86)/gnu tools arm embedded/9 2019-q4-major/bin/../lib/gcc/arm-none-eabi/9.2.1/../../../../arm-none-eabi/lib/thumb/v7e-m+fp/hard/crt0.o
memset                                            c:/program files (x86)/gnu tools arm embedded/9 2019-q4-major/bin/../lib/gcc/arm-none-eabi/9.2.1/../../../../arm-none-eabi/lib/thumb/v7e-m+fp/hard\libc_nano.a(lib_a-memset.o)
                                                  build/main.o
                                                  c:/program files (x86)/gnu tools arm embedded/9 2019-q4-major/bin/../lib/gcc/arm-none-eabi/9.2.1/../../../../arm-none-eabi/lib/thumb/v7e-m+fp/hard/crt0.o
pFlash                                            build/stm32f4xx_hal_flash.o
                                                  build/stm32f4xx_hal_flash_ex.o
software_init_hook                                c:/program files (x86)/gnu tools arm embedded/9 2019-q4-major/bin/../lib/gcc/arm-none-eabi/9.2.1/../../../../arm-none-eabi/lib/thumb/v7e-m+fp/hard/crt0.o
uwTick                                            build/stm32f4xx_hal.o
uwTickFreq                                        build/stm32f4xx_hal.o
uwTickPrio                                        build/stm32f4xx_hal.o
                                                  build/stm32f4xx_hal_rcc_ex.o
                                                  build/stm32f4xx_hal_rcc.o
